Archive member included to satisfy reference by file (symbol)

C:/PROGRA~2/ARMGNU~1/14EFD8~1.2RE/bin/../lib/gcc/arm-none-eabi/14.2.1/thumb/v7e-m+fp/hard\libc_nano.a(libc_a-exit.o)
                              C:/PROGRA~2/ARMGNU~1/14EFD8~1.2RE/bin/../lib/gcc/arm-none-eabi/14.2.1/thumb/v7e-m+fp/hard/crt0.o (exit)
C:/PROGRA~2/ARMGNU~1/14EFD8~1.2RE/bin/../lib/gcc/arm-none-eabi/14.2.1/thumb/v7e-m+fp/hard\libc_nano.a(libc_a-findfp.o)
                              C:/PROGRA~2/ARMGNU~1/14EFD8~1.2RE/bin/../lib/gcc/arm-none-eabi/14.2.1/thumb/v7e-m+fp/hard\libc_nano.a(libc_a-exit.o) (__stdio_exit_handler)
C:/PROGRA~2/ARMGNU~1/14EFD8~1.2RE/bin/../lib/gcc/arm-none-eabi/14.2.1/thumb/v7e-m+fp/hard\libc_nano.a(libc_a-fwalk.o)
                              C:/PROGRA~2/ARMGNU~1/14EFD8~1.2RE/bin/../lib/gcc/arm-none-eabi/14.2.1/thumb/v7e-m+fp/hard\libc_nano.a(libc_a-findfp.o) (_fwalk_sglue)
C:/PROGRA~2/ARMGNU~1/14EFD8~1.2RE/bin/../lib/gcc/arm-none-eabi/14.2.1/thumb/v7e-m+fp/hard\libc_nano.a(libc_a-stdio.o)
                              C:/PROGRA~2/ARMGNU~1/14EFD8~1.2RE/bin/../lib/gcc/arm-none-eabi/14.2.1/thumb/v7e-m+fp/hard\libc_nano.a(libc_a-findfp.o) (__sread)
C:/PROGRA~2/ARMGNU~1/14EFD8~1.2RE/bin/../lib/gcc/arm-none-eabi/14.2.1/thumb/v7e-m+fp/hard\libc_nano.a(libc_a-memset.o)
                              C:/PROGRA~2/ARMGNU~1/14EFD8~1.2RE/bin/../lib/gcc/arm-none-eabi/14.2.1/thumb/v7e-m+fp/hard/crt0.o (memset)
C:/PROGRA~2/ARMGNU~1/14EFD8~1.2RE/bin/../lib/gcc/arm-none-eabi/14.2.1/thumb/v7e-m+fp/hard\libc_nano.a(libc_a-closer.o)
                              C:/PROGRA~2/ARMGNU~1/14EFD8~1.2RE/bin/../lib/gcc/arm-none-eabi/14.2.1/thumb/v7e-m+fp/hard\libc_nano.a(libc_a-stdio.o) (_close_r)
C:/PROGRA~2/ARMGNU~1/14EFD8~1.2RE/bin/../lib/gcc/arm-none-eabi/14.2.1/thumb/v7e-m+fp/hard\libc_nano.a(libc_a-reent.o)
                              C:/PROGRA~2/ARMGNU~1/14EFD8~1.2RE/bin/../lib/gcc/arm-none-eabi/14.2.1/thumb/v7e-m+fp/hard\libc_nano.a(libc_a-closer.o) (errno)
C:/PROGRA~2/ARMGNU~1/14EFD8~1.2RE/bin/../lib/gcc/arm-none-eabi/14.2.1/thumb/v7e-m+fp/hard\libc_nano.a(libc_a-impure.o)
                              C:/PROGRA~2/ARMGNU~1/14EFD8~1.2RE/bin/../lib/gcc/arm-none-eabi/14.2.1/thumb/v7e-m+fp/hard\libc_nano.a(libc_a-reent.o) (_impure_ptr)
C:/PROGRA~2/ARMGNU~1/14EFD8~1.2RE/bin/../lib/gcc/arm-none-eabi/14.2.1/thumb/v7e-m+fp/hard\libc_nano.a(libc_a-lseekr.o)
                              C:/PROGRA~2/ARMGNU~1/14EFD8~1.2RE/bin/../lib/gcc/arm-none-eabi/14.2.1/thumb/v7e-m+fp/hard\libc_nano.a(libc_a-stdio.o) (_lseek_r)
C:/PROGRA~2/ARMGNU~1/14EFD8~1.2RE/bin/../lib/gcc/arm-none-eabi/14.2.1/thumb/v7e-m+fp/hard\libc_nano.a(libc_a-readr.o)
                              C:/PROGRA~2/ARMGNU~1/14EFD8~1.2RE/bin/../lib/gcc/arm-none-eabi/14.2.1/thumb/v7e-m+fp/hard\libc_nano.a(libc_a-stdio.o) (_read_r)
C:/PROGRA~2/ARMGNU~1/14EFD8~1.2RE/bin/../lib/gcc/arm-none-eabi/14.2.1/thumb/v7e-m+fp/hard\libc_nano.a(libc_a-writer.o)
                              C:/PROGRA~2/ARMGNU~1/14EFD8~1.2RE/bin/../lib/gcc/arm-none-eabi/14.2.1/thumb/v7e-m+fp/hard\libc_nano.a(libc_a-stdio.o) (_write_r)
C:/PROGRA~2/ARMGNU~1/14EFD8~1.2RE/bin/../lib/gcc/arm-none-eabi/14.2.1/thumb/v7e-m+fp/hard\libc_nano.a(libc_a-init.o)
                              C:/PROGRA~2/ARMGNU~1/14EFD8~1.2RE/bin/../lib/gcc/arm-none-eabi/14.2.1/thumb/v7e-m+fp/hard/crt0.o (__libc_init_array)
C:/PROGRA~2/ARMGNU~1/14EFD8~1.2RE/bin/../lib/gcc/arm-none-eabi/14.2.1/thumb/v7e-m+fp/hard\libc_nano.a(libc_a-lock.o)
                              C:/PROGRA~2/ARMGNU~1/14EFD8~1.2RE/bin/../lib/gcc/arm-none-eabi/14.2.1/thumb/v7e-m+fp/hard\libc_nano.a(libc_a-findfp.o) (__retarget_lock_init_recursive)
C:/PROGRA~2/ARMGNU~1/14EFD8~1.2RE/bin/../lib/gcc/arm-none-eabi/14.2.1/thumb/v7e-m+fp/hard\libc_nano.a(libc_a-freer.o)
                              C:/PROGRA~2/ARMGNU~1/14EFD8~1.2RE/bin/../lib/gcc/arm-none-eabi/14.2.1/thumb/v7e-m+fp/hard\libc_nano.a(libc_a-reent.o) (_free_r)
C:/PROGRA~2/ARMGNU~1/14EFD8~1.2RE/bin/../lib/gcc/arm-none-eabi/14.2.1/thumb/v7e-m+fp/hard\libc_nano.a(libc_a-mallocr.o)
                              C:/PROGRA~2/ARMGNU~1/14EFD8~1.2RE/bin/../lib/gcc/arm-none-eabi/14.2.1/thumb/v7e-m+fp/hard\libc_nano.a(libc_a-findfp.o) (_malloc_r)
C:/PROGRA~2/ARMGNU~1/14EFD8~1.2RE/bin/../lib/gcc/arm-none-eabi/14.2.1/thumb/v7e-m+fp/hard\libc_nano.a(libc_a-mlock.o)
                              C:/PROGRA~2/ARMGNU~1/14EFD8~1.2RE/bin/../lib/gcc/arm-none-eabi/14.2.1/thumb/v7e-m+fp/hard\libc_nano.a(libc_a-freer.o) (__malloc_lock)
C:/PROGRA~2/ARMGNU~1/14EFD8~1.2RE/bin/../lib/gcc/arm-none-eabi/14.2.1/thumb/v7e-m+fp/hard\libc_nano.a(libc_a-fflush.o)
                              C:/PROGRA~2/ARMGNU~1/14EFD8~1.2RE/bin/../lib/gcc/arm-none-eabi/14.2.1/thumb/v7e-m+fp/hard\libc_nano.a(libc_a-findfp.o) (_fflush_r)
C:/PROGRA~2/ARMGNU~1/14EFD8~1.2RE/bin/../lib/gcc/arm-none-eabi/14.2.1/thumb/v7e-m+fp/hard\libc_nano.a(libc_a-sbrkr.o)
[...]
Memory Configuration

Name             Origin             Length             Attributes
FLASH            0x08000000         0x00100000         xr
RAM              0x20000000         0x00060000         xrw
*default*        0x00000000         0xffffffff

Linker script and memory map

LOAD C:/PROGRA~2/ARMGNU~1/14EFD8~1.2RE/bin/../lib/gcc/arm-none-eabi/14.2.1/thumb/v7e-m+fp/hard/crti.o
LOAD C:/PROGRA~2/ARMGNU~1/14EFD8~1.2RE/bin/../lib/gcc/arm-none-eabi/14.2.1/thumb/v7e-m+fp/hard/crtbegin.o
LOAD C:/PROGRA~2/ARMGNU~1/14EFD8~1.2RE/bin/../lib/gcc/arm-none-eabi/14.2.1/thumb/v7e-m+fp/hard/crt0.o
START GROUP
LOAD C:/PROGRA~2/ARMGNU~1/14EFD8~1.2RE/bin/../lib/gcc/arm-none-eabi/14.2.1/thumb/v7e-m+fp/hard\libc_nano.a
LOAD C:/PROGRA~2/ARMGNU~1/14EFD8~1.2RE/bin/../lib/gcc/arm-none-eabi/14.2.1/thumb/v7e-m+fp/hard\libm.a
END GROUP
LOAD cmake/at32_workbench/CMakeFiles/AT32_Drivers.dir/__/__/libraries/cmsis/cm4/device_support/system_at32f435_437.c.obj
LOAD cmake/at32_workbench/CMakeFiles/AT32_Drivers.dir/__/__/libraries/drivers/src/at32f435_437_crm.c.obj
LOAD cmake/at32_workbench/CMakeFiles/AT32_Drivers.dir/__/__/libraries/drivers/src/at32f435_437_tmr.c.obj
LOAD cmake/at32_workbench/CMakeFiles/AT32_Drivers.dir/__/__/libraries/drivers/src/at32f435_437_ertc.c.obj
LOAD cmake/at32_workbench/CMakeFiles/AT32_Drivers.dir/__/__/libraries/drivers/src/at32f435_437_gpio.c.obj
LOAD cmake/at32_workbench/CMakeFiles/AT32_Drivers.dir/__/__/libraries/drivers/src/at32f435_437_i2c.c.obj
LOAD cmake/at32_workbench/CMakeFiles/AT32_Drivers.dir/__/__/libraries/drivers/src/at32f435_437_usart.c.obj
LOAD cmake/at32_workbench/CMakeFiles/AT32_Drivers.dir/__/__/libraries/drivers/src/at32f435_437_pwc.c.obj
LOAD cmake/at32_workbench/CMakeFiles/AT32_Drivers.dir/__/__/libraries/drivers/src/at32f435_437_adc.c.obj
LOAD cmake/at32_workbench/CMakeFiles/AT32_Drivers.dir/__/__/libraries/drivers/src/at32f435_437_spi.c.obj
LOAD cmake/at32_workbench/CMakeFiles/AT32_Drivers.dir/__/__/libraries/drivers/src/at32f435_437_dma.c.obj
LOAD cmake/at32_workbench/CMakeFiles/AT32_Drivers.dir/__/__/libraries/drivers/src/at32f435_437_edma.c.obj
LOAD cmake/at32_workbench/CMakeFiles/AT32_Drivers.dir/__/__/libraries/drivers/src/at32f435_437_debug.c.obj
LOAD cmake/at32_workbench/CMakeFiles/AT32_Drivers.dir/__/__/libraries/drivers/src/at32f435_437_flash.c.obj
LOAD cmake/at32_workbench/CMakeFiles/AT32_Drivers.dir/__/__/libraries/drivers/src/at32f435_437_crc.c.obj
LOAD cmake/at32_workbench/CMakeFiles/AT32_Drivers.dir/__/__/libraries/drivers/src/at32f435_437_wwdt.c.obj
LOAD cmake/at32_workbench/CMakeFiles/AT32_Drivers.dir/__/__/libraries/drivers/src/at32f435_437_wdt.c.obj
LOAD cmake/at32_workbench/CMakeFiles/AT32_Drivers.dir/__/__/libraries/drivers/src/at32f435_437_exint.c.obj
LOAD cmake/at32_workbench/CMakeFiles/AT32_Drivers.dir/__/__/libraries/drivers/src/at32f435_437_misc.c.obj
LOAD cmake/at32_workbench/CMakeFiles/AT32_Drivers.dir/__/__/libraries/drivers/src/at32f435_437_scfg.c.obj
LOAD cmake/at32_workbench/CMakeFiles/AT32_Drivers.dir/__/__/libraries/drivers/src/at32f435_437_usb.c.obj
LOAD cmake/at32_workbench/CMakeFiles/AT32_Drivers.dir/__/__/libraries/drivers/src/at32f435_437_acc.c.obj
LOAD cmake/at32_workbench/CMakeFiles/AT32_Drivers.dir/__/__/libraries/drivers/src/at32f435_437_can.c.obj
LOAD cmake/at32_workbench/CMakeFiles/AT32_Drivers.dir/__/__/libraries/drivers/src/at32f435_437_dac.c.obj
LOAD cmake/at32_workbench/CMakeFiles/AT32_Drivers.dir/__/__/libraries/drivers/src/at32f435_437_xmc.c.obj
LOAD cmake/at32_workbench/CMakeFiles/AT32_Drivers.dir/__/__/libraries/drivers/src/at32f435_437_qspi.c.obj
LOAD cmake/at32_workbench/CMakeFiles/AT32_Drivers.dir/__/__/libraries/drivers/src/at32f435_437_sdio.c.obj
LOAD cmake/at32_workbench/CMakeFiles/AT32_Drivers.dir/__/__/libraries/drivers/src/at32f435_437_dvp.c.obj
LOAD cmake/at32_workbench/CMakeFiles/AT32_Drivers.dir/__/__/libraries/drivers/src/at32f435_437_emac.c.obj
LOAD CMakeFiles/AT32F435VGT7_WorkBench.dir/project/src/main.c.obj
LOAD CMakeFiles/AT32F435VGT7_WorkBench.dir/project/src/syscalls.c.obj
LOAD CMakeFiles/AT32F435VGT7_WorkBench.dir/project/src/sysmem.c.obj
LOAD CMakeFiles/AT32F435VGT7_WorkBench.dir/project/src/at32f435_437_wk_config.c.obj
LOAD CMakeFiles/AT32F435VGT7_WorkBench.dir/project/src/at32f435_437_int.c.obj
LOAD CMakeFiles/AT32F435VGT7_WorkBench.dir/project/src/wk_system.c.obj
LOAD CMakeFiles/AT32F435VGT7_WorkBench.dir/project/src/wk_adc.c.obj
LOAD CMakeFiles/AT32F435VGT7_WorkBench.dir/project/src/wk_can.c.obj
LOAD CMakeFiles/AT32F435VGT7_WorkBench.dir/project/src/wk_i2c.c.obj
LOAD CMakeFiles/AT32F435VGT7_WorkBench.dir/project/src/wk_tmr.c.obj
LOAD CMakeFiles/AT32F435VGT7_WorkBench.dir/project/src/wk_usart.c.obj
LOAD CMakeFiles/AT32F435VGT7_WorkBench.dir/project/src/wk_gpio.c.obj
LOAD CMakeFiles/AT32F435VGT7_WorkBench.dir/startup_at32f435_437.s.obj
START GROUP
LOAD C:/PROGRA~2/ARMGNU~1/14EFD8~1.2RE/bin/../lib/gcc/arm-none-eabi/14.2.1/thumb/v7e-m+fp/hard\libgcc.a
LOAD C:/PROGRA~2/ARMGNU~1/14EFD8~1.2RE/bin/../lib/gcc/arm-none-eabi/14.2.1/thumb/v7e-m+fp/hard\libg_nano.a
LOAD C:/PROGRA~2/ARMGNU~1/14EFD8~1.2RE/bin/../lib/gcc/arm-none-eabi/14.2.1/thumb/v7e-m+fp/hard\libc_nano.a
END GROUP
START GROUP
LOAD C:/PROGRA~2/ARMGNU~1/14EFD8~1.2RE/bin/../lib/gcc/arm-none-eabi/14.2.1/thumb/v7e-m+fp/hard\libgcc.a
LOAD C:/PROGRA~2/ARMGNU~1/14EFD8~1.2RE/bin/../lib/gcc/arm-none-eabi/14.2.1/thumb/v7e-m+fp/hard\libc_nano.a
END GROUP
LOAD C:/PROGRA~2/ARMGNU~1/14EFD8~1.2RE/bin/../lib/gcc/arm-none-eabi/14.2.1/thumb/v7e-m+fp/hard/crtend.o
LOAD C:/PROGRA~2/ARMGNU~1/14EFD8~1.2RE/bin/../lib/gcc/arm-none-eabi/14.2.1/thumb/v7e-m+fp/hard/crtn.o
                0x20060000                        _estack = 0x20060000
                0x00000200                        _Min_Heap_Size = 0x200
                0x00000400                        _Min_Stack_Size = 0x400

.isr_vector     0x08000000      0x20c
                0x08000000                        . = ALIGN (0x4)
 *(.isr_vector)
 .isr_vector    0x08000000      0x20c CMakeFiles/AT32F435VGT7_WorkBench.dir/startup_at32f435_437.s.obj
                0x08000000                g_pfnVectors
                0x0800020c                        . = ALIGN (0x4)

.text           0x0800020c     0x3050
                0x0800020c                        . = ALIGN (0x4)
 *(.text)
 .text          0x0800020c       0x30 C:/PROGRA~2/ARMGNU~1/14EFD8~1.2RE/bin/../lib/gcc/arm-none-eabi/14.2.1/thumb/v7e-m+fp/hard\libgcc.a(_aeabi_uldivmod.o)
                0x0800020c                __aeabi_uldivmod
 .text          0x0800023c        0x4 C:/PROGRA~2/ARMGNU~1/14EFD8~1.2RE/bin/../lib/gcc/arm-none-eabi/14.2.1/thumb/v7e-m+fp/hard\libgcc.a(_dvmd_tls.o)
                0x0800023c                __aeabi_idiv0
                0x0800023c                __aeabi_ldiv0
 *(.text*)
 .text.deregister_tm_clones
                0x08000240       0x1c C:/PROGRA~2/ARMGNU~1/14EFD8~1.2RE/bin/../lib/gcc/arm-none-eabi/14.2.1/thumb/v7e-m+fp/hard/crtbegin.o
 .text.register_tm_clones
                0x0800025c       0x24 C:/PROGRA~2/ARMGNU~1/14EFD8~1.2RE/bin/../lib/gcc/arm-none-eabi/14.2.1/thumb/v7e-m+fp/hard/crtbegin.o
 .text.__do_global_dtors_aux
                0x08000280       0x28 C:/PROGRA~2/ARMGNU~1/14EFD8~1.2RE/bin/../lib/gcc/arm-none-eabi/14.2.1/thumb/v7e-m+fp/hard/crtbegin.o
 .text.frame_dummy
                0x080002a8       0x24 C:/PROGRA~2/ARMGNU~1/14EFD8~1.2RE/bin/../lib/gcc/arm-none-eabi/14.2.1/thumb/v7e-m+fp/hard/crtbegin.o
 .text.__libc_init_array
                0x080002cc       0x48 C:/PROGRA~2/ARMGNU~1/14EFD8~1.2RE/bin/../lib/gcc/arm-none-eabi/14.2.1/thumb/v7e-m+fp/hard\libc_nano.a(libc_a-init.o)
                0x080002cc                __libc_init_array
 .text.SystemInit
                0x08000314       0x94 cmake/at32_workbench/CMakeFiles/AT32_Drivers.dir/__/__/libraries/cmsis/cm4/device_support/system_at32f435_437.c.obj
                0x08000314                SystemInit
 .text.system_core_clock_update
                0x080003a8      0x158 cmake/at32_workbench/CMakeFiles/AT32_Drivers.dir/__/__/libraries/cmsis/cm4/device_support/system_at32f435_437.c.obj
                0x080003a8                system_core_clock_update
 .text.crm_reset
                0x08000500       0x78 cmake/at32_workbench/CMakeFiles/AT32_Drivers.dir/__/__/libraries/drivers/src/at32f435_437_crm.c.obj
                0x08000500                crm_reset
 .text.crm_flag_get
                0x08000578       0x50 cmake/at32_workbench/CMakeFiles/AT32_Drivers.dir/__/__/libraries/drivers/src/at32f435_437_crm.c.obj
                0x08000578                crm_flag_get
 .text.crm_hext_stable_wait
                0x080005c8       0x4a cmake/at32_workbench/CMakeFiles/AT32_Drivers.dir/__/__/libraries/drivers/src/at32f435_437_crm.c.obj
                0x080005c8                crm_hext_stable_wait
 .text.crm_periph_clock_enable
                0x08000612       0x7c cmake/at32_workbench/CMakeFiles/AT32_Drivers.dir/__/__/libraries/drivers/src/at32f435_437_crm.c.obj
                0x08000612                crm_periph_clock_enable
 .text.crm_periph_reset
                0x0800068e       0x7c cmake/at32_workbench/CMakeFiles/AT32_Drivers.dir/__/__/libraries/drivers/src/at32f435_437_crm.c.obj
                0x0800068e                crm_periph_reset
 *fill*         0x0800070a        0x2 
 .text.crm_clock_source_enable
                0x0800070c       0xa8 cmake/at32_workbench/CMakeFiles/AT32_Drivers.dir/__/__/libraries/drivers/src/at32f435_437_crm.c.obj
                0x0800070c                crm_clock_source_enable
 .text.crm_ahb_div_set
                0x080007b4       0x2c cmake/at32_workbench/CMakeFiles/AT32_Drivers.dir/__/__/libraries/drivers/src/at32f435_437_crm.c.obj
                0x080007b4                crm_ahb_div_set
 .text.crm_apb1_div_set
                0x080007e0       0x2c cmake/at32_workbench/CMakeFiles/AT32_Drivers.dir/__/__/libraries/drivers/src/at32f435_437_crm.c.obj
                0x080007e0                crm_apb1_div_set
 .text.crm_apb2_div_set
                0x0800080c       0x2c cmake/at32_workbench/CMakeFiles/AT32_Drivers.dir/__/__/libraries/drivers/src/at32f435_437_crm.c.obj
                0x0800080c                crm_apb2_div_set
 .text.crm_auto_step_mode_enable
                0x08000838       0x40 cmake/at32_workbench/CMakeFiles/AT32_Drivers.dir/__/__/libraries/drivers/src/at32f435_437_crm.c.obj
                0x08000838                crm_auto_step_mode_enable
 .text.crm_pll_config
                0x08000878       0x88 cmake/at32_workbench/CMakeFiles/AT32_Drivers.dir/__/__/libraries/drivers/src/at32f435_437_crm.c.obj
                0x08000878                crm_pll_config
 .text.crm_sysclk_switch
                0x08000900       0x54 cmake/at32_workbench/CMakeFiles/AT32_Drivers.dir/__/__/libraries/drivers/src/at32f435_437_crm.c.obj
                0x08000900                crm_sysclk_switch
 .text.crm_sysclk_switch_status_get
                0x08000954       0x1c cmake/at32_workbench/CMakeFiles/AT32_Drivers.dir/__/__/libraries/drivers/src/at32f435_437_crm.c.obj
                0x08000954                crm_sysclk_switch_status_get
 .text.crm_clocks_freq_get
                0x08000970      0x1a0 cmake/at32_workbench/CMakeFiles/AT32_Drivers.dir/__/__/libraries/drivers/src/at32f435_437_crm.c.obj
                0x08000970                crm_clocks_freq_get
 .text.tmr_counter_enable
                0x08000b10       0x2a cmake/at32_workbench/CMakeFiles/AT32_Drivers.dir/__/__/libraries/drivers/src/at32f435_437_tmr.c.obj
                0x08000b10                tmr_counter_enable
 .text.tmr_base_init
                0x08000b3a       0x2e cmake/at32_workbench/CMakeFiles/AT32_Drivers.dir/__/__/libraries/drivers/src/at32f435_437_tmr.c.obj
                0x08000b3a                tmr_base_init
 .text.tmr_clock_source_div_set
                0x08000b68       0x2a cmake/at32_workbench/CMakeFiles/AT32_Drivers.dir/__/__/libraries/drivers/src/at32f435_437_tmr.c.obj
                0x08000b68                tmr_clock_source_div_set
 .text.tmr_cnt_dir_set
                0x08000b92       0x2a cmake/at32_workbench/CMakeFiles/AT32_Drivers.dir/__/__/libraries/drivers/src/at32f435_437_tmr.c.obj
                0x08000b92                tmr_cnt_dir_set
 .text.tmr_repetition_counter_set
                0x08000bbc       0x24 cmake/at32_workbench/CMakeFiles/AT32_Drivers.dir/__/__/libraries/drivers/src/at32f435_437_tmr.c.obj
                0x08000bbc                tmr_repetition_counter_set
 .text.tmr_output_channel_config
                0x08000be0      0x21c cmake/at32_workbench/CMakeFiles/AT32_Drivers.dir/__/__/libraries/drivers/src/at32f435_437_tmr.c.obj
                0x08000be0                tmr_output_channel_config
 .text.tmr_channel_value_set
                0x08000dfc       0x78 cmake/at32_workbench/CMakeFiles/AT32_Drivers.dir/__/__/libraries/drivers/src/at32f435_437_tmr.c.obj
                0x08000dfc                tmr_channel_value_set
 .text.tmr_period_buffer_enable
                0x08000e74       0x2a cmake/at32_workbench/CMakeFiles/AT32_Drivers.dir/__/__/libraries/drivers/src/at32f435_437_tmr.c.obj
                0x08000e74                tmr_period_buffer_enable
 *fill*         0x08000e9e        0x2 
 .text.tmr_output_channel_buffer_enable
                0x08000ea0       0xb4 cmake/at32_workbench/CMakeFiles/AT32_Drivers.dir/__/__/libraries/drivers/src/at32f435_437_tmr.c.obj
                0x08000ea0                tmr_output_channel_buffer_enable
 .text.tmr_primary_mode_select
                0x08000f54       0x2a cmake/at32_workbench/CMakeFiles/AT32_Drivers.dir/__/__/libraries/drivers/src/at32f435_437_tmr.c.obj
                0x08000f54                tmr_primary_mode_select
 .text.tmr_sub_sync_mode_set
                0x08000f7e       0x2a cmake/at32_workbench/CMakeFiles/AT32_Drivers.dir/__/__/libraries/drivers/src/at32f435_437_tmr.c.obj
                0x08000f7e                tmr_sub_sync_mode_set
 .text.tmr_output_enable
                0x08000fa8       0x2a cmake/at32_workbench/CMakeFiles/AT32_Drivers.dir/__/__/libraries/drivers/src/at32f435_437_tmr.c.obj
                0x08000fa8                tmr_output_enable
 .text.tmr_brkdt_config
                0x08000fd2       0x9c cmake/at32_workbench/CMakeFiles/AT32_Drivers.dir/__/__/libraries/drivers/src/at32f435_437_tmr.c.obj
                0x08000fd2                tmr_brkdt_config
 .text.gpio_init
                0x0800106e       0xf4 cmake/at32_workbench/CMakeFiles/AT32_Drivers.dir/__/__/libraries/drivers/src/at32f435_437_gpio.c.obj
                0x0800106e                gpio_init
 .text.gpio_default_para_init
                0x08001162       0x34 cmake/at32_workbench/CMakeFiles/AT32_Drivers.dir/__/__/libraries/drivers/src/at32f435_437_gpio.c.obj
                0x08001162                gpio_default_para_init
 .text.gpio_bits_reset
                0x08001196       0x1e cmake/at32_workbench/CMakeFiles/AT32_Drivers.dir/__/__/libraries/drivers/src/at32f435_437_gpio.c.obj
                0x08001196                gpio_bits_reset
 .text.gpio_pin_mux_config
                0x080011b4       0x94 cmake/at32_workbench/CMakeFiles/AT32_Drivers.dir/__/__/libraries/drivers/src/at32f435_437_gpio.c.obj
                0x080011b4                gpio_pin_mux_config
 .text.i2c_init
                0x08001248       0x3c cmake/at32_workbench/CMakeFiles/AT32_Drivers.dir/__/__/libraries/drivers/src/at32f435_437_i2c.c.obj
                0x08001248                i2c_init
 .text.i2c_own_address1_set
                0x08001284       0x4a cmake/at32_workbench/CMakeFiles/AT32_Drivers.dir/__/__/libraries/drivers/src/at32f435_437_i2c.c.obj
                0x08001284                i2c_own_address1_set
 .text.i2c_enable
                0x080012ce       0x2a cmake/at32_workbench/CMakeFiles/AT32_Drivers.dir/__/__/libraries/drivers/src/at32f435_437_i2c.c.obj
                0x080012ce                i2c_enable
 .text.i2c_clock_stretch_enable
                0x080012f8       0x2e cmake/at32_workbench/CMakeFiles/AT32_Drivers.dir/__/__/libraries/drivers/src/at32f435_437_i2c.c.obj
                0x080012f8                i2c_clock_stretch_enable
 .text.i2c_ack_enable
                0x08001326       0x2e cmake/at32_workbench/CMakeFiles/AT32_Drivers.dir/__/__/libraries/drivers/src/at32f435_437_i2c.c.obj
                0x08001326                i2c_ack_enable
 .text.i2c_general_call_enable
                0x08001354       0x2a cmake/at32_workbench/CMakeFiles/AT32_Drivers.dir/__/__/libraries/drivers/src/at32f435_437_i2c.c.obj
                0x08001354                i2c_general_call_enable
 *fill*         0x0800137e        0x2 
 .text.usart_init
                0x08001380      0x104 cmake/at32_workbench/CMakeFiles/AT32_Drivers.dir/__/__/libraries/drivers/src/at32f435_437_usart.c.obj
                0x08001380                usart_init
 .text.usart_parity_selection_config
                0x08001484       0x6a cmake/at32_workbench/CMakeFiles/AT32_Drivers.dir/__/__/libraries/drivers/src/at32f435_437_usart.c.obj
                0x08001484                usart_parity_selection_config
 .text.usart_enable
                0x080014ee       0x2a cmake/at32_workbench/CMakeFiles/AT32_Drivers.dir/__/__/libraries/drivers/src/at32f435_437_usart.c.obj
                0x080014ee                usart_enable
 .text.usart_transmitter_enable
                0x08001518       0x2a cmake/at32_workbench/CMakeFiles/AT32_Drivers.dir/__/__/libraries/drivers/src/at32f435_437_usart.c.obj
                0x08001518                usart_transmitter_enable
 .text.usart_receiver_enable
                0x08001542       0x2a cmake/at32_workbench/CMakeFiles/AT32_Drivers.dir/__/__/libraries/drivers/src/at32f435_437_usart.c.obj
                0x08001542                usart_receiver_enable
 .text.usart_hardware_flow_control_set
                0x0800156c       0x86 cmake/at32_workbench/CMakeFiles/AT32_Drivers.dir/__/__/libraries/drivers/src/at32f435_437_usart.c.obj
                0x0800156c                usart_hardware_flow_control_set
 .text.usart_rs485_delay_time_config
                0x080015f2       0x40 cmake/at32_workbench/CMakeFiles/AT32_Drivers.dir/__/__/libraries/drivers/src/at32f435_437_usart.c.obj
                0x080015f2                usart_rs485_delay_time_config
 .text.usart_de_polarity_set
                0x08001632       0x2a cmake/at32_workbench/CMakeFiles/AT32_Drivers.dir/__/__/libraries/drivers/src/at32f435_437_usart.c.obj
                0x08001632                usart_de_polarity_set
 .text.usart_rs485_mode_enable
                0x0800165c       0x2a cmake/at32_workbench/CMakeFiles/AT32_Drivers.dir/__/__/libraries/drivers/src/at32f435_437_usart.c.obj
                0x0800165c                usart_rs485_mode_enable
 *fill*         0x08001686        0x2 
 .text.adc_reset
                0x08001688       0x1c cmake/at32_workbench/CMakeFiles/AT32_Drivers.dir/__/__/libraries/drivers/src/at32f435_437_adc.c.obj
                0x08001688                adc_reset
 .text.adc_enable
                0x080016a4       0x2a cmake/at32_workbench/CMakeFiles/AT32_Drivers.dir/__/__/libraries/drivers/src/at32f435_437_adc.c.obj
                0x080016a4                adc_enable
 .text.adc_base_default_para_init
                0x080016ce       0x2c cmake/at32_workbench/CMakeFiles/AT32_Drivers.dir/__/__/libraries/drivers/src/at32f435_437_adc.c.obj
                0x080016ce                adc_base_default_para_init
 .text.adc_base_config
                0x080016fa       0x6a cmake/at32_workbench/CMakeFiles/AT32_Drivers.dir/__/__/libraries/drivers/src/at32f435_437_adc.c.obj
                0x080016fa                adc_base_config
 .text.adc_common_default_para_init
                0x08001764       0x3e cmake/at32_workbench/CMakeFiles/AT32_Drivers.dir/__/__/libraries/drivers/src/at32f435_437_adc.c.obj
                0x08001764                adc_common_default_para_init
 *fill*         0x080017a2        0x2 
 .text.adc_common_config
                0x080017a4       0xc8 cmake/at32_workbench/CMakeFiles/AT32_Drivers.dir/__/__/libraries/drivers/src/at32f435_437_adc.c.obj
                0x080017a4                adc_common_config
 .text.adc_resolution_set
                0x0800186c       0x2a cmake/at32_workbench/CMakeFiles/AT32_Drivers.dir/__/__/libraries/drivers/src/at32f435_437_adc.c.obj
                0x0800186c                adc_resolution_set
 .text.adc_calibration_init
                0x08001896       0x1e cmake/at32_workbench/CMakeFiles/AT32_Drivers.dir/__/__/libraries/drivers/src/at32f435_437_adc.c.obj
                0x08001896                adc_calibration_init
 .text.adc_calibration_init_status_get
                0x080018b4       0x28 cmake/at32_workbench/CMakeFiles/AT32_Drivers.dir/__/__/libraries/drivers/src/at32f435_437_adc.c.obj
                0x080018b4                adc_calibration_init_status_get
 .text.adc_calibration_start
                0x080018dc       0x1e cmake/at32_workbench/CMakeFiles/AT32_Drivers.dir/__/__/libraries/drivers/src/at32f435_437_adc.c.obj
                0x080018dc                adc_calibration_start
 .text.adc_calibration_status_get
                0x080018fa       0x28 cmake/at32_workbench/CMakeFiles/AT32_Drivers.dir/__/__/libraries/drivers/src/at32f435_437_adc.c.obj
                0x080018fa                adc_calibration_status_get
 .text.adc_flag_get
                0x08001922       0x34 cmake/at32_workbench/CMakeFiles/AT32_Drivers.dir/__/__/libraries/drivers/src/at32f435_437_adc.c.obj
                0x08001922                adc_flag_get
 *fill*         0x08001956        0x2 
 .text.__NVIC_SetPriorityGrouping
                0x08001958       0x48 cmake/at32_workbench/CMakeFiles/AT32_Drivers.dir/__/__/libraries/drivers/src/at32f435_437_misc.c.obj
 .text.nvic_priority_group_config
                0x080019a0       0x1a cmake/at32_workbench/CMakeFiles/AT32_Drivers.dir/__/__/libraries/drivers/src/at32f435_437_misc.c.obj
                0x080019a0                nvic_priority_group_config
 *fill*         0x080019ba        0x2 
 .text.systick_clock_source_config
                0x080019bc       0x3c cmake/at32_workbench/CMakeFiles/AT32_Drivers.dir/__/__/libraries/drivers/src/at32f435_437_misc.c.obj
                0x080019bc                systick_clock_source_config
 .text.can_baudrate_set
                0x080019f8      0x102 cmake/at32_workbench/CMakeFiles/AT32_Drivers.dir/__/__/libraries/drivers/src/at32f435_437_can.c.obj
                0x080019f8                can_baudrate_set
 .text.can_default_para_init
                0x08001afa       0x3e cmake/at32_workbench/CMakeFiles/AT32_Drivers.dir/__/__/libraries/drivers/src/at32f435_437_can.c.obj
                0x08001afa                can_default_para_init
 .text.can_base_init
                0x08001b38      0x152 cmake/at32_workbench/CMakeFiles/AT32_Drivers.dir/__/__/libraries/drivers/src/at32f435_437_can.c.obj
                0x08001b38                can_base_init
 .text.can_filter_init
                0x08001c8a      0x214 cmake/at32_workbench/CMakeFiles/AT32_Drivers.dir/__/__/libraries/drivers/src/at32f435_437_can.c.obj
                0x08001c8a                can_filter_init
 .text.main     0x08001e9e       0x44 CMakeFiles/AT32F435VGT7_WorkBench.dir/project/src/main.c.obj
                0x08001e9e                main
 *fill*         0x08001ee2        0x2 
 .text.__NVIC_GetPriorityGrouping
                0x08001ee4       0x1c CMakeFiles/AT32F435VGT7_WorkBench.dir/project/src/at32f435_437_wk_config.c.obj
 .text.__NVIC_SetPriority
                0x08001f00       0x54 CMakeFiles/AT32F435VGT7_WorkBench.dir/project/src/at32f435_437_wk_config.c.obj
 .text.NVIC_EncodePriority
                0x08001f54       0x66 CMakeFiles/AT32F435VGT7_WorkBench.dir/project/src/at32f435_437_wk_config.c.obj
 *fill*         0x08001fba        0x2 
 .text.wk_system_clock_config
                0x08001fbc       0xd4 CMakeFiles/AT32F435VGT7_WorkBench.dir/project/src/at32f435_437_wk_config.c.obj
                0x08001fbc                wk_system_clock_config
 .text.wk_periph_clock_config
                0x08002090       0xb8 CMakeFiles/AT32F435VGT7_WorkBench.dir/project/src/at32f435_437_wk_config.c.obj
                0x08002090                wk_periph_clock_config
 .text.wk_nvic_config
                0x08002148       0xd2 CMakeFiles/AT32F435VGT7_WorkBench.dir/project/src/at32f435_437_wk_config.c.obj
                0x08002148                wk_nvic_config
 .text.NMI_Handler
                0x0800221a        0xe CMakeFiles/AT32F435VGT7_WorkBench.dir/project/src/at32f435_437_int.c.obj
                0x0800221a                NMI_Handler
 .text.HardFault_Handler
                0x08002228        0x8 CMakeFiles/AT32F435VGT7_WorkBench.dir/project/src/at32f435_437_int.c.obj
                0x08002228                HardFault_Handler
 .text.MemManage_Handler
                0x08002230        0x8 CMakeFiles/AT32F435VGT7_WorkBench.dir/project/src/at32f435_437_int.c.obj
                0x08002230                MemManage_Handler
 .text.BusFault_Handler
                0x08002238        0x8 CMakeFiles/AT32F435VGT7_WorkBench.dir/project/src/at32f435_437_int.c.obj
                0x08002238                BusFault_Handler
 .text.UsageFault_Handler
                0x08002240        0x8 CMakeFiles/AT32F435VGT7_WorkBench.dir/project/src/at32f435_437_int.c.obj
                0x08002240                UsageFault_Handler
 .text.SVC_Handler
                0x08002248        0xe CMakeFiles/AT32F435VGT7_WorkBench.dir/project/src/at32f435_437_int.c.obj
                0x08002248                SVC_Handler
 .text.DebugMon_Handler
                0x08002256        0xe CMakeFiles/AT32F435VGT7_WorkBench.dir/project/src/at32f435_437_int.c.obj
                0x08002256                DebugMon_Handler
 .text.PendSV_Handler
                0x08002264        0xe CMakeFiles/AT32F435VGT7_WorkBench.dir/project/src/at32f435_437_int.c.obj
                0x08002264                PendSV_Handler
 .text.SysTick_Handler
                0x08002272        0xe CMakeFiles/AT32F435VGT7_WorkBench.dir/project/src/at32f435_437_int.c.obj
                0x08002272                SysTick_Handler
 .text.wk_timebase_init
                0x08002280       0x5c CMakeFiles/AT32F435VGT7_WorkBench.dir/project/src/wk_system.c.obj
                0x08002280                wk_timebase_init
 .text.wk_adc_common_init
                0x080022dc       0x3e CMakeFiles/AT32F435VGT7_WorkBench.dir/project/src/wk_adc.c.obj
                0x080022dc                wk_adc_common_init
 *fill*         0x0800231a        0x2 
 .text.wk_adc1_init
                0x0800231c      0x1d4 CMakeFiles/AT32F435VGT7_WorkBench.dir/project/src/wk_adc.c.obj
                0x0800231c                wk_adc1_init
 .text.wk_can1_init
                0x080024f0      0x100 CMakeFiles/AT32F435VGT7_WorkBench.dir/project/src/wk_can.c.obj
                0x080024f0                wk_can1_init
 .text.wk_i2c1_init
                0x080025f0       0xa8 CMakeFiles/AT32F435VGT7_WorkBench.dir/project/src/wk_i2c.c.obj
                0x080025f0                wk_i2c1_init
 .text.wk_tmr1_init
                0x08002698      0x1c0 CMakeFiles/AT32F435VGT7_WorkBench.dir/project/src/wk_tmr.c.obj
                0x08002698                wk_tmr1_init
 .text.wk_tmr8_init
                0x08002858      0x1c0 CMakeFiles/AT32F435VGT7_WorkBench.dir/project/src/wk_tmr.c.obj
                0x08002858                wk_tmr8_init
 .text.wk_tmr20_init
                0x08002a18      0x1b8 CMakeFiles/AT32F435VGT7_WorkBench.dir/project/src/wk_tmr.c.obj
                0x08002a18                wk_tmr20_init
 .text.wk_usart1_init
                0x08002bd0       0xec CMakeFiles/AT32F435VGT7_WorkBench.dir/project/src/wk_usart.c.obj
                0x08002bd0                wk_usart1_init
 .text.wk_usart2_init
                0x08002cbc       0xa4 CMakeFiles/AT32F435VGT7_WorkBench.dir/project/src/wk_usart.c.obj
                0x08002cbc                wk_usart2_init
 .text.wk_usart3_init
                0x08002d60       0xa8 CMakeFiles/AT32F435VGT7_WorkBench.dir/project/src/wk_usart.c.obj
                0x08002d60                wk_usart3_init
 .text.wk_gpio_config
                0x08002e08       0xf8 CMakeFiles/AT32F435VGT7_WorkBench.dir/project/src/wk_gpio.c.obj
                0x08002e08                wk_gpio_config
 .text.Reset_Handler
                0x08002f00       0x48 CMakeFiles/AT32F435VGT7_WorkBench.dir/startup_at32f435_437.s.obj
                0x08002f00                Reset_Handler
 .text.Default_Handler
                0x08002f48        0x2 CMakeFiles/AT32F435VGT7_WorkBench.dir/startup_at32f435_437.s.obj
                0x08002f48                SDIO1_IRQHandler
                0x08002f48                XMC_IRQHandler
                0x08002f48                EXINT2_IRQHandler
                0x08002f48                TMR20_TRG_HALL_IRQHandler
                0x08002f48                UART8_IRQHandler
                0x08002f48                SPI4_IRQHandler
                0x08002f48                I2C2_EVT_IRQHandler
                0x08002f48                TMR20_CH_IRQHandler
                0x08002f48                TMR1_OVF_TMR10_IRQHandler
                0x08002f48                TMR8_TRG_HALL_TMR14_IRQHandler
                0x08002f48                I2C1_ERR_IRQHandler
                0x08002f48                EXINT9_5_IRQHandler
                0x08002f48                TAMP_STAMP_IRQHandler
                0x08002f48                EMAC_IRQHandler
                0x08002f48                EDMA_Stream7_IRQHandler
                0x08002f48                CAN2_RX1_IRQHandler
                0x08002f48                TMR5_GLOBAL_IRQHandler
                0x08002f48                TMR20_OVF_IRQHandler
                0x08002f48                EDMA_Stream2_IRQHandler
                0x08002f48                CAN1_RX0_IRQHandler
                0x08002f48                FPU_IRQHandler
                0x08002f48                EDMA_Stream3_IRQHandler
                0x08002f48                SDIO2_IRQHandler
                0x08002f48                OTGFS2_IRQHandler
                0x08002f48                SPI1_IRQHandler
                0x08002f48                TMR6_DAC_GLOBAL_IRQHandler
                0x08002f48                CAN2_RX0_IRQHandler
                0x08002f48                OTGFS1_IRQHandler
                0x08002f48                DMA2_Channel2_IRQHandler
                0x08002f48                DMA1_Channel4_IRQHandler
                0x08002f48                TMR8_CH_IRQHandler
                0x08002f48                EDMA_Stream4_IRQHandler
                0x08002f48                USART6_IRQHandler
                0x08002f48                EXINT0_IRQHandler
                0x08002f48                USART3_IRQHandler
                0x08002f48                DMA1_Channel7_IRQHandler
                0x08002f48                CAN1_RX1_IRQHandler
                0x08002f48                DVP_IRQHandler
                0x08002f48                UART5_IRQHandler
                0x08002f48                ACC_IRQHandler
                0x08002f48                DMAMUX_IRQHandler
                0x08002f48                EMAC_WKUP_IRQHandler
                0x08002f48                DMA2_Channel1_IRQHandler
                0x08002f48                OTGFS2_WKUP_IRQHandler
                0x08002f48                EXINT3_IRQHandler
                0x08002f48                DMA1_Channel6_IRQHandler
                0x08002f48                UART4_IRQHandler
                0x08002f48                DMA2_Channel4_IRQHandler
                0x08002f48                ERTCAlarm_IRQHandler
                0x08002f48                DMA1_Channel1_IRQHandler
                0x08002f48                Default_Handler
                0x08002f48                DMA2_Channel7_IRQHandler
                0x08002f48                TMR20_BRK_IRQHandler
                0x08002f48                QSPI1_IRQHandler
                0x08002f48                TMR3_GLOBAL_IRQHandler
                0x08002f48                TMR7_GLOBAL_IRQHandler
                0x08002f48                CAN1_SE_IRQHandler
                0x08002f48                CAN2_TX_IRQHandler
                0x08002f48                I2C3_ERR_IRQHandler
                0x08002f48                SPI3_I2S3EXT_IRQHandler
                0x08002f48                TMR1_BRK_TMR9_IRQHandler
                0x08002f48                TMR8_BRK_TMR12_IRQHandler
                0x08002f48                TMR1_TRG_HALL_TMR11_IRQHandler
                0x08002f48                CAN1_TX_IRQHandler
                0x08002f48                DMA2_Channel5_IRQHandler
                0x08002f48                DMA1_Channel5_IRQHandler
                0x08002f48                EDMA_Stream6_IRQHandler
                0x08002f48                QSPI2_IRQHandler
                0x08002f48                TMR4_GLOBAL_IRQHandler
                0x08002f48                EXINT4_IRQHandler
                0x08002f48                CAN2_SE_IRQHandler
                0x08002f48                PVM_IRQHandler
                0x08002f48                I2C3_EVT_IRQHandler
                0x08002f48                DMA1_Channel3_IRQHandler
                0x08002f48                I2C1_EVT_IRQHandler
                0x08002f48                TMR8_OVF_TMR13_IRQHandler
                0x08002f48                DMA2_Channel6_IRQHandler
                0x08002f48                EDMA_Stream5_IRQHandler
                0x08002f48                EDMA_Stream1_IRQHandler
                0x08002f48                EXINT1_IRQHandler
                0x08002f48                UART7_IRQHandler
                0x08002f48                USART2_IRQHandler
                0x08002f48                DMA1_Channel2_IRQHandler
                0x08002f48                TMR2_GLOBAL_IRQHandler
                0x08002f48                ERTC_WKUP_IRQHandler
                0x08002f48                FLASH_IRQHandler
                0x08002f48                SPI2_I2S2EXT_IRQHandler
                0x08002f48                I2C2_ERR_IRQHandler
                0x08002f48                USART1_IRQHandler
                0x08002f48                TMR1_CH_IRQHandler
                0x08002f48                CRM_IRQHandler
                0x08002f48                EDMA_Stream8_IRQHandler
                0x08002f48                OTGFS1_WKUP_IRQHandler
                0x08002f48                EXINT15_10_IRQHandler
                0x08002f48                ADC1_2_3_IRQHandler
                0x08002f48                WWDT_IRQHandler
                0x08002f48                DMA2_Channel3_IRQHandler
 *fill*         0x08002f4a        0x2 
 .text.__udivmoddi4
                0x08002f4c      0x2f8 C:/PROGRA~2/ARMGNU~1/14EFD8~1.2RE/bin/../lib/gcc/arm-none-eabi/14.2.1/thumb/v7e-m+fp/hard\libgcc.a(_udivmoddi4.o)
                0x08002f4c                __udivmoddi4
 *(.glue_7)
 .glue_7        0x08003244        0x0 linker stubs
 *(.glue_7t)
 .glue_7t       0x08003244        0x0 linker stubs
 *(.eh_frame)
 .eh_frame      0x08003244        0x0 C:/PROGRA~2/ARMGNU~1/14EFD8~1.2RE/bin/../lib/gcc/arm-none-eabi/14.2.1/thumb/v7e-m+fp/hard/crtbegin.o
 *(.init)
 .init          0x08003244        0x4 C:/PROGRA~2/ARMGNU~1/14EFD8~1.2RE/bin/../lib/gcc/arm-none-eabi/14.2.1/thumb/v7e-m+fp/hard/crti.o
                0x08003244                _init
 .init          0x08003248        0x8 C:/PROGRA~2/ARMGNU~1/14EFD8~1.2RE/bin/../lib/gcc/arm-none-eabi/14.2.1/thumb/v7e-m+fp/hard/crtn.o
 *(.fini)
 .fini          0x08003250        0x4 C:/PROGRA~2/ARMGNU~1/14EFD8~1.2RE/bin/../lib/gcc/arm-none-eabi/14.2.1/thumb/v7e-m+fp/hard/crti.o
                0x08003250                _fini
 .fini          0x08003254        0x8 C:/PROGRA~2/ARMGNU~1/14EFD8~1.2RE/bin/../lib/gcc/arm-none-eabi/14.2.1/thumb/v7e-m+fp/hard/crtn.o
                0x0800325c                        . = ALIGN (0x4)
                0x0800325c                        _etext = .

.vfp11_veneer   0x0800325c        0x0
 .vfp11_veneer  0x0800325c        0x0 linker stubs

.v4_bx          0x0800325c        0x0
 .v4_bx         0x0800325c        0x0 linker stubs

.iplt           0x0800325c        0x0
 .iplt          0x0800325c        0x0 C:/PROGRA~2/ARMGNU~1/14EFD8~1.2RE/bin/../lib/gcc/arm-none-eabi/14.2.1/thumb/v7e-m+fp/hard/crtbegin.o

.rodata         0x0800325c       0x40
                0x0800325c                        . = ALIGN (0x4)
 *(.rodata)
 *(.rodata*)
 .rodata.pll_fr_table.1
                0x0800325c        0x6 cmake/at32_workbench/CMakeFiles/AT32_Drivers.dir/__/__/libraries/cmsis/cm4/device_support/system_at32f435_437.c.obj
 *fill*         0x08003262        0x2 
 .rodata.sys_ahb_div_table.0
                0x08003264       0x10 cmake/at32_workbench/CMakeFiles/AT32_Drivers.dir/__/__/libraries/cmsis/cm4/device_support/system_at32f435_437.c.obj
 .rodata.pll_fr_table.3
                0x08003274        0x6 cmake/at32_workbench/CMakeFiles/AT32_Drivers.dir/__/__/libraries/drivers/src/at32f435_437_crm.c.obj
 *fill*         0x0800327a        0x2 
 .rodata.sclk_ahb_div_table.2
                0x0800327c       0x10 cmake/at32_workbench/CMakeFiles/AT32_Drivers.dir/__/__/libraries/drivers/src/at32f435_437_crm.c.obj
 .rodata.ahb_apb1_div_table.1
                0x0800328c        0x8 cmake/at32_workbench/CMakeFiles/AT32_Drivers.dir/__/__/libraries/drivers/src/at32f435_437_crm.c.obj
 .rodata.ahb_apb2_div_table.0
                0x08003294        0x8 cmake/at32_workbench/CMakeFiles/AT32_Drivers.dir/__/__/libraries/drivers/src/at32f435_437_crm.c.obj
                0x0800329c                        . = ALIGN (0x4)

.ARM.extab
 *(.ARM.extab* .gnu.linkonce.armextab.*)

.ARM            0x0800329c        0x8
                0x0800329c                        __exidx_start = .
 *(.ARM.exidx*)
 .ARM.exidx.text.__udivmoddi4
                0x0800329c        0x8 C:/PROGRA~2/ARMGNU~1/14EFD8~1.2RE/bin/../lib/gcc/arm-none-eabi/14.2.1/thumb/v7e-m+fp/hard\libgcc.a(_udivmoddi4.o)
                0x080032a4                        __exidx_end = .

.rel.dyn        0x080032a4        0x0
 .rel.iplt      0x080032a4        0x0 C:/PROGRA~2/ARMGNU~1/14EFD8~1.2RE/bin/../lib/gcc/arm-none-eabi/14.2.1/thumb/v7e-m+fp/hard/crtbegin.o

.preinit_array  0x080032a4        0x0
                0x080032a4                        PROVIDE (__preinit_array_start = .)
 *(.preinit_array*)
                0x080032a4                        PROVIDE (__preinit_array_end = .)

.init_array     0x080032a4        0x4
                0x080032a4                        PROVIDE (__init_array_start = .)
 *(SORT_BY_NAME(.init_array.*))
 *(.init_array*)
 .init_array    0x080032a4        0x4 C:/PROGRA~2/ARMGNU~1/14EFD8~1.2RE/bin/../lib/gcc/arm-none-eabi/14.2.1/thumb/v7e-m+fp/hard/crtbegin.o
                0x080032a8                        PROVIDE (__init_array_end = .)

.fini_array     0x080032a8        0x4
                [!provide]                        PROVIDE (__fini_array_start = .)
 *(SORT_BY_NAME(.fini_array.*))
 *(.fini_array*)
 .fini_array    0x080032a8        0x4 C:/PROGRA~2/ARMGNU~1/14EFD8~1.2RE/bin/../lib/gcc/arm-none-eabi/14.2.1/thumb/v7e-m+fp/hard/crtbegin.o
                [!provide]                        PROVIDE (__fini_array_end = .)
                0x080032ac                        _sidata = LOADADDR (.data)

.data           0x20000000        0x4 load address 0x080032ac
                0x20000000                        . = ALIGN (0x4)
                0x20000000                        _sdata = .
 *(.data)
 *(.data*)
 .data.system_core_clock
                0x20000000        0x4 cmake/at32_workbench/CMakeFiles/AT32_Drivers.dir/__/__/libraries/cmsis/cm4/device_support/system_at32f435_437.c.obj
                0x20000000                system_core_clock
                0x20000004                        . = ALIGN (0x4)
                0x20000004                        _edata = .

.tm_clone_table
                0x20000004        0x0 load address 0x080032b0
 .tm_clone_table
                0x20000004        0x0 C:/PROGRA~2/ARMGNU~1/14EFD8~1.2RE/bin/../lib/gcc/arm-none-eabi/14.2.1/thumb/v7e-m+fp/hard/crtbegin.o
 .tm_clone_table
                0x20000004        0x0 C:/PROGRA~2/ARMGNU~1/14EFD8~1.2RE/bin/../lib/gcc/arm-none-eabi/14.2.1/thumb/v7e-m+fp/hard/crtend.o

.igot.plt       0x20000004        0x0 load address 0x080032b0
 .igot.plt      0x20000004        0x0 C:/PROGRA~2/ARMGNU~1/14EFD8~1.2RE/bin/../lib/gcc/arm-none-eabi/14.2.1/thumb/v7e-m+fp/hard/crtbegin.o
                0x20000004                        . = ALIGN (0x4)

.bss            0x20000004       0x20 load address 0x080032b0
                0x20000004                        _sbss = .
                0x20000004                        __bss_start__ = _sbss
 *(.bss)
 *(.bss*)
 .bss.completed.1
                0x20000004        0x1 C:/PROGRA~2/ARMGNU~1/14EFD8~1.2RE/bin/../lib/gcc/arm-none-eabi/14.2.1/thumb/v7e-m+fp/hard/crtbegin.o
 *fill*         0x20000005        0x3 
 .bss.object.0  0x20000008       0x18 C:/PROGRA~2/ARMGNU~1/14EFD8~1.2RE/bin/../lib/gcc/arm-none-eabi/14.2.1/thumb/v7e-m+fp/hard/crtbegin.o
 .bss.ticks_count_us
                0x20000020        0x4 CMakeFiles/AT32F435VGT7_WorkBench.dir/project/src/wk_system.c.obj
                0x20000020                ticks_count_us
 *(COMMON)
                0x20000024                        . = ALIGN (0x4)
                0x20000024                        _ebss = .
                0x20000024                        __bss_end__ = _ebss

._user_heap_stack
                0x20000024      0x604 load address 0x080032b0
                0x20000028                        . = ALIGN (0x8)
 *fill*         0x20000024        0x4 
                [!provide]                        PROVIDE (end = .)
                0x20000028                        PROVIDE (_end = .)
                0x20000228                        . = (. + _Min_Heap_Size)
 *fill*         0x20000028      0x200 
                0x20000628                        . = (. + _Min_Stack_Size)
 *fill*         0x20000228      0x400 
                0x20000628                        . = ALIGN (0x8)

/DISCARD/
 libc.a(*)
 libm.a(*)
 libgcc.a(*)

.ARM.attributes
                0x00000000       0x30
 *(.ARM.attributes)
 .ARM.attributes
                0x00000000       0x22 C:/PROGRA~2/ARMGNU~1/14EFD8~1.2RE/bin/../lib/gcc/arm-none-eabi/14.2.1/thumb/v7e-m+fp/hard/crti.o
 .ARM.attributes
                0x00000022       0x34 C:/PROGRA~2/ARMGNU~1/14EFD8~1.2RE/bin/../lib/gcc/arm-none-eabi/14.2.1/thumb/v7e-m+fp/hard/crtbegin.o
 .ARM.attributes
                0x00000056       0x34 C:/PROGRA~2/ARMGNU~1/14EFD8~1.2RE/bin/../lib/gcc/arm-none-eabi/14.2.1/thumb/v7e-m+fp/hard\libc_nano.a(libc_a-init.o)
 .ARM.attributes
                0x0000008a       0x34 cmake/at32_workbench/CMakeFiles/AT32_Drivers.dir/__/__/libraries/cmsis/cm4/device_support/system_at32f435_437.c.obj
 .ARM.attributes
                0x000000be       0x34 cmake/at32_workbench/CMakeFiles/AT32_Drivers.dir/__/__/libraries/drivers/src/at32f435_437_crm.c.obj
 .ARM.attributes
                0x000000f2       0x34 cmake/at32_workbench/CMakeFiles/AT32_Drivers.dir/__/__/libraries/drivers/src/at32f435_437_tmr.c.obj
 .ARM.attributes
                0x00000126       0x34 cmake/at32_workbench/CMakeFiles/AT32_Drivers.dir/__/__/libraries/drivers/src/at32f435_437_gpio.c.obj
 .ARM.attributes
                0x0000015a       0x34 cmake/at32_workbench/CMakeFiles/AT32_Drivers.dir/__/__/libraries/drivers/src/at32f435_437_i2c.c.obj
 .ARM.attributes
                0x0000018e       0x34 cmake/at32_workbench/CMakeFiles/AT32_Drivers.dir/__/__/libraries/drivers/src/at32f435_437_usart.c.obj
 .ARM.attributes
                0x000001c2       0x34 cmake/at32_workbench/CMakeFiles/AT32_Drivers.dir/__/__/libraries/drivers/src/at32f435_437_adc.c.obj
 .ARM.attributes
                0x000001f6       0x34 cmake/at32_workbench/CMakeFiles/AT32_Drivers.dir/__/__/libraries/drivers/src/at32f435_437_misc.c.obj
 .ARM.attributes
                0x0000022a       0x34 cmake/at32_workbench/CMakeFiles/AT32_Drivers.dir/__/__/libraries/drivers/src/at32f435_437_can.c.obj
 .ARM.attributes
                0x0000025e       0x34 CMakeFiles/AT32F435VGT7_WorkBench.dir/project/src/main.c.obj
 .ARM.attributes
                0x00000292       0x34 CMakeFiles/AT32F435VGT7_WorkBench.dir/project/src/at32f435_437_wk_config.c.obj
 .ARM.attributes
                0x000002c6       0x34 CMakeFiles/AT32F435VGT7_WorkBench.dir/project/src/at32f435_437_int.c.obj
 .ARM.attributes
                0x000002fa       0x34 CMakeFiles/AT32F435VGT7_WorkBench.dir/project/src/wk_system.c.obj
 .ARM.attributes
                0x0000032e       0x34 CMakeFiles/AT32F435VGT7_WorkBench.dir/project/src/wk_adc.c.obj
 .ARM.attributes
                0x00000362       0x34 CMakeFiles/AT32F435VGT7_WorkBench.dir/project/src/wk_can.c.obj
 .ARM.attributes
                0x00000396       0x34 CMakeFiles/AT32F435VGT7_WorkBench.dir/project/src/wk_i2c.c.obj
 .ARM.attributes
                0x000003ca       0x34 CMakeFiles/AT32F435VGT7_WorkBench.dir/project/src/wk_tmr.c.obj
 .ARM.attributes
                0x000003fe       0x34 CMakeFiles/AT32F435VGT7_WorkBench.dir/project/src/wk_usart.c.obj
 .ARM.attributes
                0x00000432       0x34 CMakeFiles/AT32F435VGT7_WorkBench.dir/project/src/wk_gpio.c.obj
 .ARM.attributes
                0x00000466       0x21 CMakeFiles/AT32F435VGT7_WorkBench.dir/startup_at32f435_437.s.obj
 .ARM.attributes
                0x00000487       0x22 C:/PROGRA~2/ARMGNU~1/14EFD8~1.2RE/bin/../lib/gcc/arm-none-eabi/14.2.1/thumb/v7e-m+fp/hard\libgcc.a(_aeabi_uldivmod.o)
 .ARM.attributes
                0x000004a9       0x34 C:/PROGRA~2/ARMGNU~1/14EFD8~1.2RE/bin/../lib/gcc/arm-none-eabi/14.2.1/thumb/v7e-m+fp/hard\libgcc.a(_udivmoddi4.o)
 .ARM.attributes
                0x000004dd       0x22 C:/PROGRA~2/ARMGNU~1/14EFD8~1.2RE/bin/../lib/gcc/arm-none-eabi/14.2.1/thumb/v7e-m+fp/hard\libgcc.a(_dvmd_tls.o)
 .ARM.attributes
                0x000004ff       0x34 C:/PROGRA~2/ARMGNU~1/14EFD8~1.2RE/bin/../lib/gcc/arm-none-eabi/14.2.1/thumb/v7e-m+fp/hard/crtend.o
 .ARM.attributes
                0x00000533       0x22 C:/PROGRA~2/ARMGNU~1/14EFD8~1.2RE/bin/../lib/gcc/arm-none-eabi/14.2.1/thumb/v7e-m+fp/hard/crtn.o
OUTPUT(AT32F435VGT7_WorkBench.elf elf32-littlearm)
LOAD linker stubs
LOAD C:/PROGRA~2/ARMGNU~1/14EFD8~1.2RE/bin/../lib/gcc/arm-none-eabi/14.2.1/thumb/v7e-m+fp/hard\libc.a
LOAD C:/PROGRA~2/ARMGNU~1/14EFD8~1.2RE/bin/../lib/gcc/arm-none-eabi/14.2.1/thumb/v7e-m+fp/hard\libm.a
LOAD C:/PROGRA~2/ARMGNU~1/14EFD8~1.2RE/bin/../lib/gcc/arm-none-eabi/14.2.1/thumb/v7e-m+fp/hard\libgcc.a

.debug_frame    0x00000000     0x2f98
 .debug_frame   0x00000000       0x2c C:/PROGRA~2/ARMGNU~1/14EFD8~1.2RE/bin/../lib/gcc/arm-none-eabi/14.2.1/thumb/v7e-m+fp/hard\libc_nano.a(libc_a-init.o)
 .debug_frame   0x0000002c       0x60 cmake/at32_workbench/CMakeFiles/AT32_Drivers.dir/__/__/libraries/cmsis/cm4/device_support/system_at32f435_437.c.obj
 .debug_frame   0x0000008c      0x59c cmake/at32_workbench/CMakeFiles/AT32_Drivers.dir/__/__/libraries/drivers/src/at32f435_437_crm.c.obj
 .debug_frame   0x00000628      0x914 cmake/at32_workbench/CMakeFiles/AT32_Drivers.dir/__/__/libraries/drivers/src/at32f435_437_tmr.c.obj
 .debug_frame   0x00000f3c      0x23c cmake/at32_workbench/CMakeFiles/AT32_Drivers.dir/__/__/libraries/drivers/src/at32f435_437_gpio.c.obj
 .debug_frame   0x00001178      0x674 cmake/at32_workbench/CMakeFiles/AT32_Drivers.dir/__/__/libraries/drivers/src/at32f435_437_i2c.c.obj
 .debug_frame   0x000017ec      0x580 cmake/at32_workbench/CMakeFiles/AT32_Drivers.dir/__/__/libraries/drivers/src/at32f435_437_usart.c.obj
 .debug_frame   0x00001d6c      0x754 cmake/at32_workbench/CMakeFiles/AT32_Drivers.dir/__/__/libraries/drivers/src/at32f435_437_adc.c.obj
 .debug_frame   0x000024c0      0x210 cmake/at32_workbench/CMakeFiles/AT32_Drivers.dir/__/__/libraries/drivers/src/at32f435_437_misc.c.obj
 .debug_frame   0x000026d0      0x3ec cmake/at32_workbench/CMakeFiles/AT32_Drivers.dir/__/__/libraries/drivers/src/at32f435_437_can.c.obj
 .debug_frame   0x00002abc       0x2c CMakeFiles/AT32F435VGT7_WorkBench.dir/project/src/main.c.obj
 .debug_frame   0x00002ae8       0xd4 CMakeFiles/AT32F435VGT7_WorkBench.dir/project/src/at32f435_437_wk_config.c.obj
 .debug_frame   0x00002bbc      0x110 CMakeFiles/AT32F435VGT7_WorkBench.dir/project/src/at32f435_437_int.c.obj
 .debug_frame   0x00002ccc       0x80 CMakeFiles/AT32F435VGT7_WorkBench.dir/project/src/wk_system.c.obj
 .debug_frame   0x00002d4c       0x58 CMakeFiles/AT32F435VGT7_WorkBench.dir/project/src/wk_adc.c.obj
 .debug_frame   0x00002da4       0x34 CMakeFiles/AT32F435VGT7_WorkBench.dir/project/src/wk_can.c.obj
 .debug_frame   0x00002dd8       0x34 CMakeFiles/AT32F435VGT7_WorkBench.dir/project/src/wk_i2c.c.obj
 .debug_frame   0x00002e0c       0x7c CMakeFiles/AT32F435VGT7_WorkBench.dir/project/src/wk_tmr.c.obj
 .debug_frame   0x00002e88       0x7c CMakeFiles/AT32F435VGT7_WorkBench.dir/project/src/wk_usart.c.obj
 .debug_frame   0x00002f04       0x34 CMakeFiles/AT32F435VGT7_WorkBench.dir/project/src/wk_gpio.c.obj
 .debug_frame   0x00002f38       0x2c C:/PROGRA~2/ARMGNU~1/14EFD8~1.2RE/bin/../lib/gcc/arm-none-eabi/14.2.1/thumb/v7e-m+fp/hard\libgcc.a(_aeabi_uldivmod.o)
 .debug_frame   0x00002f64       0x34 C:/PROGRA~2/ARMGNU~1/14EFD8~1.2RE/bin/../lib/gcc/arm-none-eabi/14.2.1/thumb/v7e-m+fp/hard\libgcc.a(_udivmoddi4.o)

.debug_info     0x00000000    0x1b600
 .debug_info    0x00000000     0x1a47 cmake/at32_workbench/CMakeFiles/AT32_Drivers.dir/__/__/libraries/cmsis/cm4/device_support/system_at32f435_437.c.obj
 .debug_info    0x00001a47     0x2a9e cmake/at32_workbench/CMakeFiles/AT32_Drivers.dir/__/__/libraries/drivers/src/at32f435_437_crm.c.obj
 .debug_info    0x000044e5     0x25d3 cmake/at32_workbench/CMakeFiles/AT32_Drivers.dir/__/__/libraries/drivers/src/at32f435_437_tmr.c.obj
 .debug_info    0x00006ab8     0x147d cmake/at32_workbench/CMakeFiles/AT32_Drivers.dir/__/__/libraries/drivers/src/at32f435_437_gpio.c.obj
 .debug_info    0x00007f35     0x13fb cmake/at32_workbench/CMakeFiles/AT32_Drivers.dir/__/__/libraries/drivers/src/at32f435_437_i2c.c.obj
 .debug_info    0x00009330     0x117f cmake/at32_workbench/CMakeFiles/AT32_Drivers.dir/__/__/libraries/drivers/src/at32f435_437_usart.c.obj
 .debug_info    0x0000a4af     0x20ef cmake/at32_workbench/CMakeFiles/AT32_Drivers.dir/__/__/libraries/drivers/src/at32f435_437_adc.c.obj
 .debug_info    0x0000c59e      0x9c1 cmake/at32_workbench/CMakeFiles/AT32_Drivers.dir/__/__/libraries/drivers/src/at32f435_437_misc.c.obj
 .debug_info    0x0000cf5f     0x2123 cmake/at32_workbench/CMakeFiles/AT32_Drivers.dir/__/__/libraries/drivers/src/at32f435_437_can.c.obj
 .debug_info    0x0000f082      0x10d CMakeFiles/AT32F435VGT7_WorkBench.dir/project/src/main.c.obj
 .debug_info    0x0000f18f     0x18f0 CMakeFiles/AT32F435VGT7_WorkBench.dir/project/src/at32f435_437_wk_config.c.obj
 .debug_info    0x00010a7f      0x101 CMakeFiles/AT32F435VGT7_WorkBench.dir/project/src/at32f435_437_int.c.obj
 .debug_info    0x00010b80      0x2b1 CMakeFiles/AT32F435VGT7_WorkBench.dir/project/src/wk_system.c.obj
 .debug_info    0x00010e31     0x1e7c CMakeFiles/AT32F435VGT7_WorkBench.dir/project/src/wk_adc.c.obj
 .debug_info    0x00012cad     0x2766 CMakeFiles/AT32F435VGT7_WorkBench.dir/project/src/wk_can.c.obj
 .debug_info    0x00015413     0x186b CMakeFiles/AT32F435VGT7_WorkBench.dir/project/src/wk_i2c.c.obj
 .debug_info    0x00016c7e     0x23c1 CMakeFiles/AT32F435VGT7_WorkBench.dir/project/src/wk_tmr.c.obj
 .debug_info    0x0001903f     0x1753 CMakeFiles/AT32F435VGT7_WorkBench.dir/project/src/wk_usart.c.obj
 .debug_info    0x0001a792      0xe3e CMakeFiles/AT32F435VGT7_WorkBench.dir/project/src/wk_gpio.c.obj
 .debug_info    0x0001b5d0       0x30 CMakeFiles/AT32F435VGT7_WorkBench.dir/startup_at32f435_437.s.obj

.debug_abbrev   0x00000000     0x2686
 .debug_abbrev  0x00000000      0x1ab cmake/at32_workbench/CMakeFiles/AT32_Drivers.dir/__/__/libraries/cmsis/cm4/device_support/system_at32f435_437.c.obj
 .debug_abbrev  0x000001ab      0x275 cmake/at32_workbench/CMakeFiles/AT32_Drivers.dir/__/__/libraries/drivers/src/at32f435_437_crm.c.obj
 .debug_abbrev  0x00000420      0x223 cmake/at32_workbench/CMakeFiles/AT32_Drivers.dir/__/__/libraries/drivers/src/at32f435_437_tmr.c.obj
 .debug_abbrev  0x00000643      0x274 cmake/at32_workbench/CMakeFiles/AT32_Drivers.dir/__/__/libraries/drivers/src/at32f435_437_gpio.c.obj
 .debug_abbrev  0x000008b7      0x287 cmake/at32_workbench/CMakeFiles/AT32_Drivers.dir/__/__/libraries/drivers/src/at32f435_437_i2c.c.obj
 .debug_abbrev  0x00000b3e      0x27e cmake/at32_workbench/CMakeFiles/AT32_Drivers.dir/__/__/libraries/drivers/src/at32f435_437_usart.c.obj
 .debug_abbrev  0x00000dbc      0x22b cmake/at32_workbench/CMakeFiles/AT32_Drivers.dir/__/__/libraries/drivers/src/at32f435_437_adc.c.obj
 .debug_abbrev  0x00000fe7      0x25a cmake/at32_workbench/CMakeFiles/AT32_Drivers.dir/__/__/libraries/drivers/src/at32f435_437_misc.c.obj
 .debug_abbrev  0x00001241      0x2b7 cmake/at32_workbench/CMakeFiles/AT32_Drivers.dir/__/__/libraries/drivers/src/at32f435_437_can.c.obj
 .debug_abbrev  0x000014f8       0x5a CMakeFiles/AT32F435VGT7_WorkBench.dir/project/src/main.c.obj
 .debug_abbrev  0x00001552      0x331 CMakeFiles/AT32F435VGT7_WorkBench.dir/project/src/at32f435_437_wk_config.c.obj
 .debug_abbrev  0x00001883       0x47 CMakeFiles/AT32F435VGT7_WorkBench.dir/project/src/at32f435_437_int.c.obj
 .debug_abbrev  0x000018ca      0x153 CMakeFiles/AT32F435VGT7_WorkBench.dir/project/src/wk_system.c.obj
 .debug_abbrev  0x00001a1d      0x244 CMakeFiles/AT32F435VGT7_WorkBench.dir/project/src/wk_adc.c.obj
 .debug_abbrev  0x00001c61      0x235 CMakeFiles/AT32F435VGT7_WorkBench.dir/project/src/wk_can.c.obj
 .debug_abbrev  0x00001e96      0x1da CMakeFiles/AT32F435VGT7_WorkBench.dir/project/src/wk_i2c.c.obj
 .debug_abbrev  0x00002070      0x227 CMakeFiles/AT32F435VGT7_WorkBench.dir/project/src/wk_tmr.c.obj
 .debug_abbrev  0x00002297      0x20c CMakeFiles/AT32F435VGT7_WorkBench.dir/project/src/wk_usart.c.obj
 .debug_abbrev  0x000024a3      0x1bf CMakeFiles/AT32F435VGT7_WorkBench.dir/project/src/wk_gpio.c.obj
 .debug_abbrev  0x00002662       0x24 CMakeFiles/AT32F435VGT7_WorkBench.dir/startup_at32f435_437.s.obj

.debug_aranges  0x00000000      0xb60
 .debug_aranges
                0x00000000       0x28 cmake/at32_workbench/CMakeFiles/AT32_Drivers.dir/__/__/libraries/cmsis/cm4/device_support/system_at32f435_437.c.obj
 .debug_aranges
                0x00000028      0x138 cmake/at32_workbench/CMakeFiles/AT32_Drivers.dir/__/__/libraries/drivers/src/at32f435_437_crm.c.obj
 .debug_aranges
                0x00000160      0x1e8 cmake/at32_workbench/CMakeFiles/AT32_Drivers.dir/__/__/libraries/drivers/src/at32f435_437_tmr.c.obj
 .debug_aranges
                0x00000348       0x88 cmake/at32_workbench/CMakeFiles/AT32_Drivers.dir/__/__/libraries/drivers/src/at32f435_437_gpio.c.obj
 .debug_aranges
                0x000003d0      0x160 cmake/at32_workbench/CMakeFiles/AT32_Drivers.dir/__/__/libraries/drivers/src/at32f435_437_i2c.c.obj
 .debug_aranges
                0x00000530      0x130 cmake/at32_workbench/CMakeFiles/AT32_Drivers.dir/__/__/libraries/drivers/src/at32f435_437_usart.c.obj
 .debug_aranges
                0x00000660      0x190 cmake/at32_workbench/CMakeFiles/AT32_Drivers.dir/__/__/libraries/drivers/src/at32f435_437_adc.c.obj
 .debug_aranges
                0x000007f0       0x88 cmake/at32_workbench/CMakeFiles/AT32_Drivers.dir/__/__/libraries/drivers/src/at32f435_437_misc.c.obj
 .debug_aranges
                0x00000878       0xe0 cmake/at32_workbench/CMakeFiles/AT32_Drivers.dir/__/__/libraries/drivers/src/at32f435_437_can.c.obj
 .debug_aranges
                0x00000958       0x20 CMakeFiles/AT32F435VGT7_WorkBench.dir/project/src/main.c.obj
 .debug_aranges
                0x00000978       0x48 CMakeFiles/AT32F435VGT7_WorkBench.dir/project/src/at32f435_437_wk_config.c.obj
 .debug_aranges
                0x000009c0       0x60 CMakeFiles/AT32F435VGT7_WorkBench.dir/project/src/at32f435_437_int.c.obj
 .debug_aranges
                0x00000a20       0x30 CMakeFiles/AT32F435VGT7_WorkBench.dir/project/src/wk_system.c.obj
 .debug_aranges
                0x00000a50       0x28 CMakeFiles/AT32F435VGT7_WorkBench.dir/project/src/wk_adc.c.obj
 .debug_aranges
                0x00000a78       0x20 CMakeFiles/AT32F435VGT7_WorkBench.dir/project/src/wk_can.c.obj
 .debug_aranges
                0x00000a98       0x20 CMakeFiles/AT32F435VGT7_WorkBench.dir/project/src/wk_i2c.c.obj
 .debug_aranges
                0x00000ab8       0x30 CMakeFiles/AT32F435VGT7_WorkBench.dir/project/src/wk_tmr.c.obj
 .debug_aranges
                0x00000ae8       0x30 CMakeFiles/AT32F435VGT7_WorkBench.dir/project/src/wk_usart.c.obj
 .debug_aranges
                0x00000b18       0x20 CMakeFiles/AT32F435VGT7_WorkBench.dir/project/src/wk_gpio.c.obj
 .debug_aranges
                0x00000b38       0x28 CMakeFiles/AT32F435VGT7_WorkBench.dir/startup_at32f435_437.s.obj

.debug_rnglists
                0x00000000      0x860
 .debug_rnglists
                0x00000000       0x1b cmake/at32_workbench/CMakeFiles/AT32_Drivers.dir/__/__/libraries/cmsis/cm4/device_support/system_at32f435_437.c.obj
 .debug_rnglists
                0x0000001b       0xeb cmake/at32_workbench/CMakeFiles/AT32_Drivers.dir/__/__/libraries/drivers/src/at32f435_437_crm.c.obj
 .debug_rnglists
                0x00000106      0x178 cmake/at32_workbench/CMakeFiles/AT32_Drivers.dir/__/__/libraries/drivers/src/at32f435_437_tmr.c.obj
 .debug_rnglists
                0x0000027e       0x64 cmake/at32_workbench/CMakeFiles/AT32_Drivers.dir/__/__/libraries/drivers/src/at32f435_437_gpio.c.obj
 .debug_rnglists
                0x000002e2      0x104 cmake/at32_workbench/CMakeFiles/AT32_Drivers.dir/__/__/libraries/drivers/src/at32f435_437_i2c.c.obj
 .debug_rnglists
                0x000003e6       0xe3 cmake/at32_workbench/CMakeFiles/AT32_Drivers.dir/__/__/libraries/drivers/src/at32f435_437_usart.c.obj
 .debug_rnglists
                0x000004c9      0x12c cmake/at32_workbench/CMakeFiles/AT32_Drivers.dir/__/__/libraries/drivers/src/at32f435_437_adc.c.obj
 .debug_rnglists
                0x000005f5       0x61 cmake/at32_workbench/CMakeFiles/AT32_Drivers.dir/__/__/libraries/drivers/src/at32f435_437_misc.c.obj
 .debug_rnglists
                0x00000656       0xae cmake/at32_workbench/CMakeFiles/AT32_Drivers.dir/__/__/libraries/drivers/src/at32f435_437_can.c.obj
 .debug_rnglists
                0x00000704       0x13 CMakeFiles/AT32F435VGT7_WorkBench.dir/project/src/main.c.obj
 .debug_rnglists
                0x00000717       0x34 CMakeFiles/AT32F435VGT7_WorkBench.dir/project/src/at32f435_437_wk_config.c.obj
 .debug_rnglists
                0x0000074b       0x43 CMakeFiles/AT32F435VGT7_WorkBench.dir/project/src/at32f435_437_int.c.obj
 .debug_rnglists
                0x0000078e       0x1f CMakeFiles/AT32F435VGT7_WorkBench.dir/project/src/wk_system.c.obj
 .debug_rnglists
                0x000007ad       0x1a CMakeFiles/AT32F435VGT7_WorkBench.dir/project/src/wk_adc.c.obj
 .debug_rnglists
                0x000007c7       0x14 CMakeFiles/AT32F435VGT7_WorkBench.dir/project/src/wk_can.c.obj
 .debug_rnglists
                0x000007db       0x14 CMakeFiles/AT32F435VGT7_WorkBench.dir/project/src/wk_i2c.c.obj
 .debug_rnglists
                0x000007ef       0x22 CMakeFiles/AT32F435VGT7_WorkBench.dir/project/src/wk_tmr.c.obj
 .debug_rnglists
                0x00000811       0x22 CMakeFiles/AT32F435VGT7_WorkBench.dir/project/src/wk_usart.c.obj
 .debug_rnglists
                0x00000833       0x14 CMakeFiles/AT32F435VGT7_WorkBench.dir/project/src/wk_gpio.c.obj
 .debug_rnglists
                0x00000847       0x19 CMakeFiles/AT32F435VGT7_WorkBench.dir/startup_at32f435_437.s.obj

.debug_macro    0x00000000     0x78ba
 .debug_macro   0x00000000      0x1eb cmake/at32_workbench/CMakeFiles/AT32_Drivers.dir/__/__/libraries/cmsis/cm4/device_support/system_at32f435_437.c.obj
 .debug_macro   0x000001eb      0xad8 cmake/at32_workbench/CMakeFiles/AT32_Drivers.dir/__/__/libraries/cmsis/cm4/device_support/system_at32f435_437.c.obj
 .debug_macro   0x00000cc3       0x63 cmake/at32_workbench/CMakeFiles/AT32_Drivers.dir/__/__/libraries/cmsis/cm4/device_support/system_at32f435_437.c.obj
 .debug_macro   0x00000d26       0x22 cmake/at32_workbench/CMakeFiles/AT32_Drivers.dir/__/__/libraries/cmsis/cm4/device_support/system_at32f435_437.c.obj
 .debug_macro   0x00000d48       0x8e cmake/at32_workbench/CMakeFiles/AT32_Drivers.dir/__/__/libraries/cmsis/cm4/device_support/system_at32f435_437.c.obj
 .debug_macro   0x00000dd6       0x51 cmake/at32_workbench/CMakeFiles/AT32_Drivers.dir/__/__/libraries/cmsis/cm4/device_support/system_at32f435_437.c.obj
 .debug_macro   0x00000e27      0x103 cmake/at32_workbench/CMakeFiles/AT32_Drivers.dir/__/__/libraries/cmsis/cm4/device_support/system_at32f435_437.c.obj
 .debug_macro   0x00000f2a       0x6a cmake/at32_workbench/CMakeFiles/AT32_Drivers.dir/__/__/libraries/cmsis/cm4/device_support/system_at32f435_437.c.obj
 .debug_macro   0x00000f94      0x1df cmake/at32_workbench/CMakeFiles/AT32_Drivers.dir/__/__/libraries/cmsis/cm4/device_support/system_at32f435_437.c.obj
 .debug_macro   0x00001173       0x1c cmake/at32_workbench/CMakeFiles/AT32_Drivers.dir/__/__/libraries/cmsis/cm4/device_support/system_at32f435_437.c.obj
 .debug_macro   0x0000118f       0x22 cmake/at32_workbench/CMakeFiles/AT32_Drivers.dir/__/__/libraries/cmsis/cm4/device_support/system_at32f435_437.c.obj
 .debug_macro   0x000011b1       0xfb cmake/at32_workbench/CMakeFiles/AT32_Drivers.dir/__/__/libraries/cmsis/cm4/device_support/system_at32f435_437.c.obj
 .debug_macro   0x000012ac     0x1011 cmake/at32_workbench/CMakeFiles/AT32_Drivers.dir/__/__/libraries/cmsis/cm4/device_support/system_at32f435_437.c.obj
 .debug_macro   0x000022bd      0x11f cmake/at32_workbench/CMakeFiles/AT32_Drivers.dir/__/__/libraries/cmsis/cm4/device_support/system_at32f435_437.c.obj
 .debug_macro   0x000023dc       0x16 cmake/at32_workbench/CMakeFiles/AT32_Drivers.dir/__/__/libraries/cmsis/cm4/device_support/system_at32f435_437.c.obj
 .debug_macro   0x000023f2      0x4b8 cmake/at32_workbench/CMakeFiles/AT32_Drivers.dir/__/__/libraries/cmsis/cm4/device_support/system_at32f435_437.c.obj
 .debug_macro   0x000028aa       0x1c cmake/at32_workbench/CMakeFiles/AT32_Drivers.dir/__/__/libraries/cmsis/cm4/device_support/system_at32f435_437.c.obj
 .debug_macro   0x000028c6       0xca cmake/at32_workbench/CMakeFiles/AT32_Drivers.dir/__/__/libraries/cmsis/cm4/device_support/system_at32f435_437.c.obj
 .debug_macro   0x00002990       0xa7 cmake/at32_workbench/CMakeFiles/AT32_Drivers.dir/__/__/libraries/cmsis/cm4/device_support/system_at32f435_437.c.obj
 .debug_macro   0x00002a37       0xf1 cmake/at32_workbench/CMakeFiles/AT32_Drivers.dir/__/__/libraries/cmsis/cm4/device_support/system_at32f435_437.c.obj
 .debug_macro   0x00002b28       0xb9 cmake/at32_workbench/CMakeFiles/AT32_Drivers.dir/__/__/libraries/cmsis/cm4/device_support/system_at32f435_437.c.obj
 .debug_macro   0x00002be1       0xa8 cmake/at32_workbench/CMakeFiles/AT32_Drivers.dir/__/__/libraries/cmsis/cm4/device_support/system_at32f435_437.c.obj
 .debug_macro   0x00002c89       0xaf cmake/at32_workbench/CMakeFiles/AT32_Drivers.dir/__/__/libraries/cmsis/cm4/device_support/system_at32f435_437.c.obj
 .debug_macro   0x00002d38       0xae cmake/at32_workbench/CMakeFiles/AT32_Drivers.dir/__/__/libraries/cmsis/cm4/device_support/system_at32f435_437.c.obj
 .debug_macro   0x00002de6       0x35 cmake/at32_workbench/CMakeFiles/AT32_Drivers.dir/__/__/libraries/cmsis/cm4/device_support/system_at32f435_437.c.obj
 .debug_macro   0x00002e1b      0x138 cmake/at32_workbench/CMakeFiles/AT32_Drivers.dir/__/__/libraries/cmsis/cm4/device_support/system_at32f435_437.c.obj
 .debug_macro   0x00002f53       0x68 cmake/at32_workbench/CMakeFiles/AT32_Drivers.dir/__/__/libraries/cmsis/cm4/device_support/system_at32f435_437.c.obj
 .debug_macro   0x00002fbb       0x1d cmake/at32_workbench/CMakeFiles/AT32_Drivers.dir/__/__/libraries/cmsis/cm4/device_support/system_at32f435_437.c.obj
 .debug_macro   0x00002fd8       0x7c cmake/at32_workbench/CMakeFiles/AT32_Drivers.dir/__/__/libraries/cmsis/cm4/device_support/system_at32f435_437.c.obj
 .debug_macro   0x00003054      0x2bf cmake/at32_workbench/CMakeFiles/AT32_Drivers.dir/__/__/libraries/cmsis/cm4/device_support/system_at32f435_437.c.obj
 .debug_macro   0x00003313       0xb3 cmake/at32_workbench/CMakeFiles/AT32_Drivers.dir/__/__/libraries/cmsis/cm4/device_support/system_at32f435_437.c.obj
 .debug_macro   0x000033c6      0x136 cmake/at32_workbench/CMakeFiles/AT32_Drivers.dir/__/__/libraries/cmsis/cm4/device_support/system_at32f435_437.c.obj
 .debug_macro   0x000034fc       0x11 cmake/at32_workbench/CMakeFiles/AT32_Drivers.dir/__/__/libraries/cmsis/cm4/device_support/system_at32f435_437.c.obj
 .debug_macro   0x0000350d       0x16 cmake/at32_workbench/CMakeFiles/AT32_Drivers.dir/__/__/libraries/cmsis/cm4/device_support/system_at32f435_437.c.obj
 .debug_macro   0x00003523       0x23 cmake/at32_workbench/CMakeFiles/AT32_Drivers.dir/__/__/libraries/cmsis/cm4/device_support/system_at32f435_437.c.obj
 .debug_macro   0x00003546       0xa1 cmake/at32_workbench/CMakeFiles/AT32_Drivers.dir/__/__/libraries/cmsis/cm4/device_support/system_at32f435_437.c.obj
 .debug_macro   0x000035e7      0x12c cmake/at32_workbench/CMakeFiles/AT32_Drivers.dir/__/__/libraries/cmsis/cm4/device_support/system_at32f435_437.c.obj
 .debug_macro   0x00003713       0x2d cmake/at32_workbench/CMakeFiles/AT32_Drivers.dir/__/__/libraries/cmsis/cm4/device_support/system_at32f435_437.c.obj
 .debug_macro   0x00003740       0x41 cmake/at32_workbench/CMakeFiles/AT32_Drivers.dir/__/__/libraries/cmsis/cm4/device_support/system_at32f435_437.c.obj
 .debug_macro   0x00003781       0x16 cmake/at32_workbench/CMakeFiles/AT32_Drivers.dir/__/__/libraries/cmsis/cm4/device_support/system_at32f435_437.c.obj
 .debug_macro   0x00003797      0x298 cmake/at32_workbench/CMakeFiles/AT32_Drivers.dir/__/__/libraries/cmsis/cm4/device_support/system_at32f435_437.c.obj
 .debug_macro   0x00003a2f       0x2a cmake/at32_workbench/CMakeFiles/AT32_Drivers.dir/__/__/libraries/cmsis/cm4/device_support/system_at32f435_437.c.obj
 .debug_macro   0x00003a59       0x1d cmake/at32_workbench/CMakeFiles/AT32_Drivers.dir/__/__/libraries/cmsis/cm4/device_support/system_at32f435_437.c.obj
 .debug_macro   0x00003a76      0x2f5 cmake/at32_workbench/CMakeFiles/AT32_Drivers.dir/__/__/libraries/cmsis/cm4/device_support/system_at32f435_437.c.obj
 .debug_macro   0x00003d6b       0x6b cmake/at32_workbench/CMakeFiles/AT32_Drivers.dir/__/__/libraries/cmsis/cm4/device_support/system_at32f435_437.c.obj
 .debug_macro   0x00003dd6      0x44d cmake/at32_workbench/CMakeFiles/AT32_Drivers.dir/__/__/libraries/cmsis/cm4/device_support/system_at32f435_437.c.obj
 .debug_macro   0x00004223      0x1e5 cmake/at32_workbench/CMakeFiles/AT32_Drivers.dir/__/__/libraries/drivers/src/at32f435_437_crm.c.obj
 .debug_macro   0x00004408      0x1e5 cmake/at32_workbench/CMakeFiles/AT32_Drivers.dir/__/__/libraries/drivers/src/at32f435_437_tmr.c.obj
 .debug_macro   0x000045ed      0x1e5 cmake/at32_workbench/CMakeFiles/AT32_Drivers.dir/__/__/libraries/drivers/src/at32f435_437_gpio.c.obj
 .debug_macro   0x000047d2      0x1e5 cmake/at32_workbench/CMakeFiles/AT32_Drivers.dir/__/__/libraries/drivers/src/at32f435_437_i2c.c.obj
 .debug_macro   0x000049b7      0x1e5 cmake/at32_workbench/CMakeFiles/AT32_Drivers.dir/__/__/libraries/drivers/src/at32f435_437_usart.c.obj
 .debug_macro   0x00004b9c      0x1e5 cmake/at32_workbench/CMakeFiles/AT32_Drivers.dir/__/__/libraries/drivers/src/at32f435_437_adc.c.obj
 .debug_macro   0x00004d81      0x1eb cmake/at32_workbench/CMakeFiles/AT32_Drivers.dir/__/__/libraries/drivers/src/at32f435_437_misc.c.obj
 .debug_macro   0x00004f6c      0x1e5 cmake/at32_workbench/CMakeFiles/AT32_Drivers.dir/__/__/libraries/drivers/src/at32f435_437_can.c.obj
 .debug_macro   0x00005151      0x306 CMakeFiles/AT32F435VGT7_WorkBench.dir/project/src/main.c.obj
 .debug_macro   0x00005457       0x75 CMakeFiles/AT32F435VGT7_WorkBench.dir/project/src/main.c.obj
 .debug_macro   0x000054cc       0x2a CMakeFiles/AT32F435VGT7_WorkBench.dir/project/src/main.c.obj
 .debug_macro   0x000054f6       0x94 CMakeFiles/AT32F435VGT7_WorkBench.dir/project/src/main.c.obj
 .debug_macro   0x0000558a       0x3c CMakeFiles/AT32F435VGT7_WorkBench.dir/project/src/main.c.obj
 .debug_macro   0x000055c6       0x34 CMakeFiles/AT32F435VGT7_WorkBench.dir/project/src/main.c.obj
 .debug_macro   0x000055fa       0x16 CMakeFiles/AT32F435VGT7_WorkBench.dir/project/src/main.c.obj
 .debug_macro   0x00005610       0x57 CMakeFiles/AT32F435VGT7_WorkBench.dir/project/src/main.c.obj
 .debug_macro   0x00005667       0x9e CMakeFiles/AT32F435VGT7_WorkBench.dir/project/src/main.c.obj
 .debug_macro   0x00005705      0x364 CMakeFiles/AT32F435VGT7_WorkBench.dir/project/src/main.c.obj
 .debug_macro   0x00005a69      0x112 CMakeFiles/AT32F435VGT7_WorkBench.dir/project/src/main.c.obj
 .debug_macro   0x00005b7b       0x10 CMakeFiles/AT32F435VGT7_WorkBench.dir/project/src/main.c.obj
 .debug_macro   0x00005b8b       0x16 CMakeFiles/AT32F435VGT7_WorkBench.dir/project/src/main.c.obj
 .debug_macro   0x00005ba1       0x4a CMakeFiles/AT32F435VGT7_WorkBench.dir/project/src/main.c.obj
 .debug_macro   0x00005beb       0x34 CMakeFiles/AT32F435VGT7_WorkBench.dir/project/src/main.c.obj
 .debug_macro   0x00005c1f       0x10 CMakeFiles/AT32F435VGT7_WorkBench.dir/project/src/main.c.obj
 .debug_macro   0x00005c2f       0x58 CMakeFiles/AT32F435VGT7_WorkBench.dir/project/src/main.c.obj
 .debug_macro   0x00005c87      0x1e5 CMakeFiles/AT32F435VGT7_WorkBench.dir/project/src/main.c.obj
 .debug_macro   0x00005e6c       0x16 CMakeFiles/AT32F435VGT7_WorkBench.dir/project/src/main.c.obj
 .debug_macro   0x00005e82       0x16 CMakeFiles/AT32F435VGT7_WorkBench.dir/project/src/main.c.obj
 .debug_macro   0x00005e98      0x170 CMakeFiles/AT32F435VGT7_WorkBench.dir/project/src/main.c.obj
 .debug_macro   0x00006008      0x162 CMakeFiles/AT32F435VGT7_WorkBench.dir/project/src/main.c.obj
 .debug_macro   0x0000616a      0x2bc CMakeFiles/AT32F435VGT7_WorkBench.dir/project/src/at32f435_437_wk_config.c.obj
 .debug_macro   0x00006426      0x1ef CMakeFiles/AT32F435VGT7_WorkBench.dir/project/src/at32f435_437_int.c.obj
 .debug_macro   0x00006615      0x201 CMakeFiles/AT32F435VGT7_WorkBench.dir/project/src/wk_system.c.obj
 .debug_macro   0x00006816      0x2c6 CMakeFiles/AT32F435VGT7_WorkBench.dir/project/src/wk_adc.c.obj
 .debug_macro   0x00006adc      0x2c6 CMakeFiles/AT32F435VGT7_WorkBench.dir/project/src/wk_can.c.obj
 .debug_macro   0x00006da2      0x2c6 CMakeFiles/AT32F435VGT7_WorkBench.dir/project/src/wk_i2c.c.obj
 .debug_macro   0x00007068      0x2c6 CMakeFiles/AT32F435VGT7_WorkBench.dir/project/src/wk_tmr.c.obj
 .debug_macro   0x0000732e      0x2c6 CMakeFiles/AT32F435VGT7_WorkBench.dir/project/src/wk_usart.c.obj
 .debug_macro   0x000075f4      0x2c6 CMakeFiles/AT32F435VGT7_WorkBench.dir/project/src/wk_gpio.c.obj

.debug_line     0x00000000     0xb31c
 .debug_line    0x00000000      0x6dd cmake/at32_workbench/CMakeFiles/AT32_Drivers.dir/__/__/libraries/cmsis/cm4/device_support/system_at32f435_437.c.obj
 .debug_line    0x000006dd      0xe2c cmake/at32_workbench/CMakeFiles/AT32_Drivers.dir/__/__/libraries/drivers/src/at32f435_437_crm.c.obj
 .debug_line    0x00001509     0x10e6 cmake/at32_workbench/CMakeFiles/AT32_Drivers.dir/__/__/libraries/drivers/src/at32f435_437_tmr.c.obj
 .debug_line    0x000025ef      0x8c5 cmake/at32_workbench/CMakeFiles/AT32_Drivers.dir/__/__/libraries/drivers/src/at32f435_437_gpio.c.obj
 .debug_line    0x00002eb4      0xab1 cmake/at32_workbench/CMakeFiles/AT32_Drivers.dir/__/__/libraries/drivers/src/at32f435_437_i2c.c.obj
 .debug_line    0x00003965      0xafd cmake/at32_workbench/CMakeFiles/AT32_Drivers.dir/__/__/libraries/drivers/src/at32f435_437_usart.c.obj
 .debug_line    0x00004462      0xd38 cmake/at32_workbench/CMakeFiles/AT32_Drivers.dir/__/__/libraries/drivers/src/at32f435_437_adc.c.obj
 .debug_line    0x0000519a      0x854 cmake/at32_workbench/CMakeFiles/AT32_Drivers.dir/__/__/libraries/drivers/src/at32f435_437_misc.c.obj
 .debug_line    0x000059ee     0x104f cmake/at32_workbench/CMakeFiles/AT32_Drivers.dir/__/__/libraries/drivers/src/at32f435_437_can.c.obj
 .debug_line    0x00006a3d      0x6f7 CMakeFiles/AT32F435VGT7_WorkBench.dir/project/src/main.c.obj
 .debug_line    0x00007134      0x848 CMakeFiles/AT32F435VGT7_WorkBench.dir/project/src/at32f435_437_wk_config.c.obj
 .debug_line    0x0000797c      0x69d CMakeFiles/AT32F435VGT7_WorkBench.dir/project/src/at32f435_437_int.c.obj
 .debug_line    0x00008019      0x687 CMakeFiles/AT32F435VGT7_WorkBench.dir/project/src/wk_system.c.obj
 .debug_line    0x000086a0      0x77c CMakeFiles/AT32F435VGT7_WorkBench.dir/project/src/wk_adc.c.obj
 .debug_line    0x00008e1c      0x6fe CMakeFiles/AT32F435VGT7_WorkBench.dir/project/src/wk_can.c.obj
 .debug_line    0x0000951a      0x6c4 CMakeFiles/AT32F435VGT7_WorkBench.dir/project/src/wk_i2c.c.obj
 .debug_line    0x00009bde      0x891 CMakeFiles/AT32F435VGT7_WorkBench.dir/project/src/wk_tmr.c.obj
 .debug_line    0x0000a46f      0x74e CMakeFiles/AT32F435VGT7_WorkBench.dir/project/src/wk_usart.c.obj
 .debug_line    0x0000abbd      0x6ea CMakeFiles/AT32F435VGT7_WorkBench.dir/project/src/wk_gpio.c.obj
 .debug_line    0x0000b2a7       0x75 CMakeFiles/AT32F435VGT7_WorkBench.dir/startup_at32f435_437.s.obj

.debug_str      0x00000000    0x243c6
 .debug_str     0x00000000    0x243c6 cmake/at32_workbench/CMakeFiles/AT32_Drivers.dir/__/__/libraries/cmsis/cm4/device_support/system_at32f435_437.c.obj
                              0x173fe (size before relaxing)
 .debug_str     0x000243c6    0x19194 cmake/at32_workbench/CMakeFiles/AT32_Drivers.dir/__/__/libraries/drivers/src/at32f435_437_crm.c.obj
 .debug_str     0x000243c6    0x18761 cmake/at32_workbench/CMakeFiles/AT32_Drivers.dir/__/__/libraries/drivers/src/at32f435_437_tmr.c.obj
 .debug_str     0x000243c6    0x17591 cmake/at32_workbench/CMakeFiles/AT32_Drivers.dir/__/__/libraries/drivers/src/at32f435_437_gpio.c.obj
 .debug_str     0x000243c6    0x174ea cmake/at32_workbench/CMakeFiles/AT32_Drivers.dir/__/__/libraries/drivers/src/at32f435_437_i2c.c.obj
 .debug_str     0x000243c6    0x175bc cmake/at32_workbench/CMakeFiles/AT32_Drivers.dir/__/__/libraries/drivers/src/at32f435_437_usart.c.obj
 .debug_str     0x000243c6    0x18bf0 cmake/at32_workbench/CMakeFiles/AT32_Drivers.dir/__/__/libraries/drivers/src/at32f435_437_adc.c.obj
 .debug_str     0x000243c6    0x17133 cmake/at32_workbench/CMakeFiles/AT32_Drivers.dir/__/__/libraries/drivers/src/at32f435_437_misc.c.obj
 .debug_str     0x000243c6    0x17f79 cmake/at32_workbench/CMakeFiles/AT32_Drivers.dir/__/__/libraries/drivers/src/at32f435_437_can.c.obj
 .debug_str     0x000243c6    0x1a1ad CMakeFiles/AT32F435VGT7_WorkBench.dir/project/src/main.c.obj
 .debug_str     0x000243c6    0x1b77c CMakeFiles/AT32F435VGT7_WorkBench.dir/project/src/at32f435_437_wk_config.c.obj
 .debug_str     0x000243c6    0x1670c CMakeFiles/AT32F435VGT7_WorkBench.dir/project/src/at32f435_437_int.c.obj
 .debug_str     0x000243c6    0x169ca CMakeFiles/AT32F435VGT7_WorkBench.dir/project/src/wk_system.c.obj
 .debug_str     0x000243c6    0x1b2c8 CMakeFiles/AT32F435VGT7_WorkBench.dir/project/src/wk_adc.c.obj
 .debug_str     0x000243c6    0x1b5d4 CMakeFiles/AT32F435VGT7_WorkBench.dir/project/src/wk_can.c.obj
 .debug_str     0x000243c6    0x1ac53 CMakeFiles/AT32F435VGT7_WorkBench.dir/project/src/wk_i2c.c.obj
 .debug_str     0x000243c6    0x1b397 CMakeFiles/AT32F435VGT7_WorkBench.dir/project/src/wk_tmr.c.obj
 .debug_str     0x000243c6    0x1ad54 CMakeFiles/AT32F435VGT7_WorkBench.dir/project/src/wk_usart.c.obj
 .debug_str     0x000243c6    0x1a6ed CMakeFiles/AT32F435VGT7_WorkBench.dir/project/src/wk_gpio.c.obj
 .debug_str     0x000243c6       0x8d CMakeFiles/AT32F435VGT7_WorkBench.dir/startup_at32f435_437.s.obj

.comment        0x00000000       0x45
 .comment       0x00000000       0x45 cmake/at32_workbench/CMakeFiles/AT32_Drivers.dir/__/__/libraries/cmsis/cm4/device_support/system_at32f435_437.c.obj
                                 0x46 (size before relaxing)
 .comment       0x00000045       0x46 cmake/at32_workbench/CMakeFiles/AT32_Drivers.dir/__/__/libraries/drivers/src/at32f435_437_crm.c.obj
 .comment       0x00000045       0x46 cmake/at32_workbench/CMakeFiles/AT32_Drivers.dir/__/__/libraries/drivers/src/at32f435_437_tmr.c.obj
 .comment       0x00000045       0x46 cmake/at32_workbench/CMakeFiles/AT32_Drivers.dir/__/__/libraries/drivers/src/at32f435_437_gpio.c.obj
 .comment       0x00000045       0x46 cmake/at32_workbench/CMakeFiles/AT32_Drivers.dir/__/__/libraries/drivers/src/at32f435_437_i2c.c.obj
 .comment       0x00000045       0x46 cmake/at32_workbench/CMakeFiles/AT32_Drivers.dir/__/__/libraries/drivers/src/at32f435_437_usart.c.obj
 .comment       0x00000045       0x46 cmake/at32_workbench/CMakeFiles/AT32_Drivers.dir/__/__/libraries/drivers/src/at32f435_437_adc.c.obj
 .comment       0x00000045       0x46 cmake/at32_workbench/CMakeFiles/AT32_Drivers.dir/__/__/libraries/drivers/src/at32f435_437_misc.c.obj
 .comment       0x00000045       0x46 cmake/at32_workbench/CMakeFiles/AT32_Drivers.dir/__/__/libraries/drivers/src/at32f435_437_can.c.obj
 .comment       0x00000045       0x46 CMakeFiles/AT32F435VGT7_WorkBench.dir/project/src/main.c.obj
 .comment       0x00000045       0x46 CMakeFiles/AT32F435VGT7_WorkBench.dir/project/src/at32f435_437_wk_config.c.obj
 .comment       0x00000045       0x46 CMakeFiles/AT32F435VGT7_WorkBench.dir/project/src/at32f435_437_int.c.obj
 .comment       0x00000045       0x46 CMakeFiles/AT32F435VGT7_WorkBench.dir/project/src/wk_system.c.obj
 .comment       0x00000045       0x46 CMakeFiles/AT32F435VGT7_WorkBench.dir/project/src/wk_adc.c.obj
 .comment       0x00000045       0x46 CMakeFiles/AT32F435VGT7_WorkBench.dir/project/src/wk_can.c.obj
 .comment       0x00000045       0x46 CMakeFiles/AT32F435VGT7_WorkBench.dir/project/src/wk_i2c.c.obj
 .comment       0x00000045       0x46 CMakeFiles/AT32F435VGT7_WorkBench.dir/project/src/wk_tmr.c.obj
 .comment       0x00000045       0x46 CMakeFiles/AT32F435VGT7_WorkBench.dir/project/src/wk_usart.c.obj
 .comment       0x00000045       0x46 CMakeFiles/AT32F435VGT7_WorkBench.dir/project/src/wk_gpio.c.obj

.debug_line_str
                0x00000000      0x146
 .debug_line_str
                0x00000000      0x146 CMakeFiles/AT32F435VGT7_WorkBench.dir/startup_at32f435_437.s.obj
                                 0x71 (size before relaxing)
 .debug_line_str
                0x00000146       0xc9 C:/PROGRA~2/ARMGNU~1/14EFD8~1.2RE/bin/../lib/gcc/arm-none-eabi/14.2.1/thumb/v7e-m+fp/hard\libgcc.a(_aeabi_uldivmod.o)
 .debug_line_str
                0x00000146       0xcd C:/PROGRA~2/ARMGNU~1/14EFD8~1.2RE/bin/../lib/gcc/arm-none-eabi/14.2.1/thumb/v7e-m+fp/hard\libgcc.a(_dvmd_tls.o)
